<html>
<body>
<pre>
<h1>µVision Build Log</h1>
<h2>Tool Versions:</h2>
IDE-Version: µVision V5.38.0.0
Copyright (C) 2022 ARM Ltd and ARM Germany GmbH. All rights reserved.
License Information: Jadiel Arana, United States Naval Academy, LIC=----
 
Tool Versions:
Toolchain:       MDK-Lite  Version: 5.38.0.0
Toolchain Path:  C:\Keil_v5\ARM\ARMCLANG\Bin
C Compiler:      ArmClang.exe V6.19
Assembler:       Armasm.exe V6.19
Linker/Locator:  ArmLink.exe V6.19
Library Manager: ArmAr.exe V6.19
Hex Converter:   FromElf.exe V6.19
CPU DLL:         SARMCM3.DLL V5.38.0.0
Dialog DLL:      DCM.DLL V1.17.5.0
Target DLL:      STLink\ST-LINKIII-KEIL_SWO.dll V3.1.0.0
Dialog DLL:      TCM.DLL V1.56.4.0
 
<h2>Project:</h2>
C:\Users\m250174\Documents\Classes\EC361\ec361_final\Project.uvprojx
Project File Date:  11/17/2023

<h2>Output:</h2>
*** Using Compiler 'V6.19', folder: 'C:\Keil_v5\ARM\ARMCLANG\Bin'
Build target 'Target 1'
project.c(24): warning: no previous extern declaration for non-static variable 'GPIOA_MODER' [-Wmissing-variable-declarations]
volatile unsigned int* GPIOA_MODER =  (unsigned int*) 0x48000000;
                       ^
project.c(24): note: declare 'static' if the variable is not intended to be used outside of this translation unit
volatile unsigned int* GPIOA_MODER =  (unsigned int*) 0x48000000;
         ^
project.c(25): warning: no previous extern declaration for non-static variable 'GPIOC_MODER' [-Wmissing-variable-declarations]
volatile unsigned int* GPIOC_MODER =  (unsigned int*) 0x48000800;
                       ^
project.c(25): note: declare 'static' if the variable is not intended to be used outside of this translation unit
volatile unsigned int* GPIOC_MODER =  (unsigned int*) 0x48000800;
         ^
project.c(26): warning: no previous extern declaration for non-static variable 'GPIOA_ODR' [-Wmissing-variable-declarations]
volatile unsigned int* GPIOA_ODR =    (unsigned int*) 0x48000014;
                       ^
project.c(26): note: declare 'static' if the variable is not intended to be used outside of this translation unit
volatile unsigned int* GPIOA_ODR =    (unsigned int*) 0x48000014;
         ^
project.c(27): warning: no previous extern declaration for non-static variable 'GPIOC_ODR' [-Wmissing-variable-declarations]
volatile unsigned int* GPIOC_ODR =    (unsigned int*) 0x48000814;
                       ^
project.c(27): note: declare 'static' if the variable is not intended to be used outside of this translation unit
volatile unsigned int* GPIOC_ODR =    (unsigned int*) 0x48000814;
         ^
project.c(28): warning: no previous extern declaration for non-static variable 'RCC_AHB2ENR' [-Wmissing-variable-declarations]
volatile unsigned int* RCC_AHB2ENR      = (unsigned int*) 0x4002104C;
                       ^
project.c(28): note: declare 'static' if the variable is not intended to be used outside of this translation unit
volatile unsigned int* RCC_AHB2ENR      = (unsigned int*) 0x4002104C;
         ^
project.c(29): warning: a function declaration without a prototype is deprecated in all versions of C [-Wstrict-prototypes]
void GPIO_Init();
              ^
               void
project.c(31): warning: a function declaration without a prototype is deprecated in all versions of C [-Wstrict-prototypes]
void LCD_Enable();
               ^
                void
project.c(32): warning: a function declaration without a prototype is deprecated in all versions of C [-Wstrict-prototypes]
void LCD_Init();
             ^
              void
project.c(33): warning: a function declaration without a prototype is deprecated in all versions of C [-Wstrict-prototypes]
void LCD_Clear();
              ^
               void
project.c(34): warning: a function declaration without a prototype is deprecated in all versions of C [-Wstrict-prototypes]
void LCD_ReturnHome();
                   ^
                    void
project.c(42): warning: unused variable 'j' [-Wunused-variable]
        int j = 0;
            ^
project.c(54): warning: a function declaration without a prototype is deprecated in all versions of C [-Wstrict-prototypes]
void GPIO_Init(){
              ^
               void
project.c(58): warning: implicit conversion changes signedness: 'int' to 'unsigned int' [-Wsign-conversion]
        *GPIOA_MODER = (*GPIOA_MODER & ~(0xFFFFF)) | (unsigned int)0x5555;
                                     ~ ^~~~~~~~~~
project.c(59): warning: implicit conversion changes signedness: 'int' to 'unsigned int' [-Wsign-conversion]
        *GPIOC_MODER = (*GPIOA_MODER & ~(0xF)) |(unsigned int) 0x5;
                                     ~ ^~~~~~
project.c(54): warning: no previous prototype for function 'GPIO_Init' [-Wmissing-prototypes]
void GPIO_Init(){
     ^
project.c(29): note: this declaration is not a prototype; add 'void' to make it a prototype for a zero-parameter function
void GPIO_Init();
     ^
               void
project.c(63): warning: a function declaration without a prototype is deprecated in all versions of C [-Wstrict-prototypes]
void LCD_Init(){
             ^
              void
project.c(63): warning: no previous prototype for function 'LCD_Init' [-Wmissing-prototypes]
void LCD_Init(){
     ^
project.c(32): note: this declaration is not a prototype; add 'void' to make it a prototype for a zero-parameter function
void LCD_Init();
     ^
              void
project.c(138): warning: a function declaration without a prototype is deprecated in all versions of C [-Wstrict-prototypes]
void LCD_Enable(){
               ^
                void
project.c(138): warning: no previous prototype for function 'LCD_Enable' [-Wmissing-prototypes]
void LCD_Enable(){
     ^
project.c(31): note: this declaration is not a prototype; add 'void' to make it a prototype for a zero-parameter function
void LCD_Enable();
     ^
                void
project.c(150): warning: a function declaration without a prototype is deprecated in all versions of C [-Wstrict-prototypes]
void LCD_ReturnHome(){
                   ^
                    void
project.c(150): warning: no previous prototype for function 'LCD_ReturnHome' [-Wmissing-prototypes]
void LCD_ReturnHome(){
     ^
project.c(34): note: this declaration is not a prototype; add 'void' to make it a prototype for a zero-parameter function
void LCD_ReturnHome();
     ^
                    void
project.c(165): warning: a function declaration without a prototype is deprecated in all versions of C [-Wstrict-prototypes]
void LCD_Clear(){
              ^
               void
project.c(165): warning: no previous prototype for function 'LCD_Clear' [-Wmissing-prototypes]
void LCD_Clear(){
     ^
project.c(33): note: this declaration is not a prototype; add 'void' to make it a prototype for a zero-parameter function
void LCD_Clear();
     ^
               void
project.c(199): warning: implicit conversion changes signedness: 'int' to 'unsigned int' [-Wsign-conversion]
                *GPIOA_ODR |= (d7<<7);
                           ~~  ~~^~~
project.c(201): warning: implicit conversion changes signedness: 'int' to 'unsigned int' [-Wsign-conversion]
                *GPIOA_ODR &= ~(1<<7);
                           ~~ ^~~~~~~
project.c(205): warning: implicit conversion changes signedness: 'int' to 'unsigned int' [-Wsign-conversion]
                *GPIOA_ODR |= (d6<<6);
                           ~~  ~~^~~
project.c(207): warning: implicit conversion changes signedness: 'int' to 'unsigned int' [-Wsign-conversion]
                *GPIOA_ODR &= ~(1<<6);
                           ~~ ^~~~~~~
project.c(211): warning: implicit conversion changes signedness: 'int' to 'unsigned int' [-Wsign-conversion]
                *GPIOA_ODR |= (d5<<5);
                           ~~  ~~^~~
project.c(213): warning: implicit conversion changes signedness: 'int' to 'unsigned int' [-Wsign-conversion]
                *GPIOA_ODR &= ~(1<<5);
                           ~~ ^~~~~~~
project.c(217): warning: implicit conversion changes signedness: 'int' to 'unsigned int' [-Wsign-conversion]
                *GPIOA_ODR |= (d4<<4);
                           ~~  ~~^~~
project.c(219): warning: implicit conversion changes signedness: 'int' to 'unsigned int' [-Wsign-conversion]
                *GPIOA_ODR &= ~(1<<4);
                           ~~ ^~~~~~~
project.c(226): warning: implicit conversion changes signedness: 'int' to 'unsigned int' [-Wsign-conversion]
                *GPIOA_ODR |= (l7<<7);
                           ~~  ~~^~~
project.c(228): warning: implicit conversion changes signedness: 'int' to 'unsigned int' [-Wsign-conversion]
                *GPIOA_ODR &= ~(1<<7);
                           ~~ ^~~~~~~
project.c(232): warning: implicit conversion changes signedness: 'int' to 'unsigned int' [-Wsign-conversion]
                *GPIOA_ODR |= (l6<<6);
                           ~~  ~~^~~
project.c(234): warning: implicit conversion changes signedness: 'int' to 'unsigned int' [-Wsign-conversion]
                *GPIOA_ODR &= ~(1<<6);
                           ~~ ^~~~~~~
project.c(238): warning: implicit conversion changes signedness: 'int' to 'unsigned int' [-Wsign-conversion]
                *GPIOA_ODR |= (l5<<5);
                           ~~  ~~^~~
project.c(240): warning: implicit conversion changes signedness: 'int' to 'unsigned int' [-Wsign-conversion]
                *GPIOA_ODR &= ~(1<<5);
                           ~~ ^~~~~~~
project.c(244): warning: implicit conversion changes signedness: 'int' to 'unsigned int' [-Wsign-conversion]
                *GPIOA_ODR |= (l4<<4);
                           ~~  ~~^~~
project.c(246): warning: implicit conversion changes signedness: 'int' to 'unsigned int' [-Wsign-conversion]
                *GPIOA_ODR &= ~(1<<4);
                           ~~ ^~~~~~~
project.c(297): warning: implicit conversion changes signedness: 'int' to 'unsigned int' [-Wsign-conversion]
        *GPIOA_ODR |= (addr>>4)<<4; //Takes upper 4 bits of asc
                   ~~ ~~~~~~~~~^~~
project.c(302): warning: implicit conversion changes signedness: 'int' to 'unsigned int' [-Wsign-conversion]
        *GPIOA_ODR &= ~(15<<4); //0s out D7-D4
                   ~~ ^~~~~~~~
project.c(303): warning: implicit conversion changes signedness: 'int' to 'unsigned int' [-Wsign-conversion]
        *GPIOA_ODR |= ((addr & 0xF)<<4); // Takes lower 4 bits of asc
                   ~~  ~~~~~~~~~~~~^~~
project.c(311): warning: implicit conversion changes signedness: 'int' to 'unsigned int' [-Wsign-conversion]
        *GPIOC_ODR &= ~(1<<0|1<<1); //0s out the 2 bits
                   ~~ ^~~~~~~~~~~~
project.c(313): warning: implicit conversion changes signedness: 'int' to 'unsigned int' [-Wsign-conversion]
        *GPIOC_ODR |= (RS & 1) << 1; //PC_1
                   ~~ ~~~~~~~~~^~~~
project.c(314): warning: implicit conversion changes signedness: 'int' to 'unsigned int' [-Wsign-conversion]
        *GPIOC_ODR |= ((R_W & 1)) << 0; //PC_0
                   ~~ ~~~~~~~~~~~~^~~~
project.c(315): warning: no newline at end of file [-Wnewline-eof]
}
 ^
46 warnings generated.
compiling project.c...
linking...
Program Size: Code=964 RO-data=424 RW-data=20 ZI-data=1632  
".\Objects\Project.axf" - 0 Error(s), 46 Warning(s).

<h2>Software Packages used:</h2>

Package Vendor: ARM
                http://www.keil.com/pack/ARM.CMSIS.5.9.0.pack
                ARM.CMSIS.5.9.0
                CMSIS (Common Microcontroller Software Interface Standard)
   * Component: CORE Version: 5.6.0

Package Vendor: Keil
                https://www.keil.com/pack/Keil.STM32L4xx_DFP.2.6.2.pack
                Keil.STM32L4xx_DFP.2.6.2
                STMicroelectronics STM32L4 Series Device Support, Drivers and Examples
   * Component: Startup Version: 1.3.1

<h2>Collection of Component include folders:</h2>
  ./RTE/_Target_1
  C:/Users/m250174/AppData/Local/Arm/Packs/ARM/CMSIS/5.9.0/CMSIS/Core/Include
  C:/Users/m250174/AppData/Local/Arm/Packs/Keil/STM32L4xx_DFP/2.6.2/Drivers/CMSIS/Device/ST/STM32L4xx/Include

<h2>Collection of Component Files used:</h2>

   * Component: ARM::CMSIS:CORE:5.6.0

   * Component: Keil::Device:Startup:1.3.1
      Source file:   Drivers/CMSIS/Device/ST/STM32L4xx/Source/Templates/arm/startup_stm32l476xx.s
      Include file:  Drivers/CMSIS/Device/ST/STM32L4xx/Include/stm32l4xx.h
      Source file:   MDK/Device/Source/ARM/STM32L4xx_DB_OPT.s
      Source file:   Drivers/CMSIS/Device/ST/STM32L4xx/Source/Templates/system_stm32l4xx.c
Build Time Elapsed:  00:00:02
</pre>
</body>
</html>
