Component: Arm Compiler for Embedded 6.19 Tool: armlink [5e73cb00]

==============================================================================

Section Cross References

    lcd.o(.text.GPIO_Init) refers to lcd.o(.data.RCC_AHB2ENR) for RCC_AHB2ENR
    lcd.o(.text.GPIO_Init) refers to lcd.o(.data.GPIOA_MODER) for GPIOA_MODER
    lcd.o(.text.GPIO_Init) refers to lcd.o(.data.GPIOC_MODER) for GPIOC_MODER
    lcd.o(.text.GPIO_Init) refers to lcd.o(.data.GPIOC_PUPDR) for GPIOC_PUPDR
    lcd.o(.ARM.exidx.text.GPIO_Init) refers to lcd.o(.text.GPIO_Init) for [Anonymous Symbol]
    lcd.o(.text.LCD_Init) refers to lcd.o(.text.LCD_SetControlBits) for LCD_SetControlBits
    lcd.o(.text.LCD_Init) refers to lcd.o(.data.GPIOC_IDR) for GPIOC_IDR
    lcd.o(.text.LCD_Init) refers to lcd.o(.data.GPIOA_ODR) for GPIOA_ODR
    lcd.o(.text.LCD_Init) refers to lcd.o(.text.LCD_Enable) for LCD_Enable
    lcd.o(.text.LCD_Init) refers to lcd.o(.text.LCD_Clear) for LCD_Clear
    lcd.o(.ARM.exidx.text.LCD_Init) refers to lcd.o(.text.LCD_Init) for [Anonymous Symbol]
    lcd.o(.text.LCD_SetControlBits) refers to lcd.o(.data.GPIOC_ODR) for GPIOC_ODR
    lcd.o(.ARM.exidx.text.LCD_SetControlBits) refers to lcd.o(.text.LCD_SetControlBits) for [Anonymous Symbol]
    lcd.o(.text.LCD_Enable) refers to lcd.o(.data.GPIOA_ODR) for GPIOA_ODR
    lcd.o(.ARM.exidx.text.LCD_Enable) refers to lcd.o(.text.LCD_Enable) for [Anonymous Symbol]
    lcd.o(.text.LCD_ReturnHome) refers to lcd.o(.text.LCD_SetControlBits) for LCD_SetControlBits
    lcd.o(.text.LCD_ReturnHome) refers to lcd.o(.data.GPIOA_ODR) for GPIOA_ODR
    lcd.o(.text.LCD_ReturnHome) refers to lcd.o(.text.LCD_Enable) for LCD_Enable
    lcd.o(.ARM.exidx.text.LCD_ReturnHome) refers to lcd.o(.text.LCD_ReturnHome) for [Anonymous Symbol]
    lcd.o(.text.LCD_Clear) refers to lcd.o(.text.LCD_SetControlBits) for LCD_SetControlBits
    lcd.o(.text.LCD_Clear) refers to lcd.o(.data.GPIOA_ODR) for GPIOA_ODR
    lcd.o(.text.LCD_Clear) refers to lcd.o(.text.LCD_Enable) for LCD_Enable
    lcd.o(.ARM.exidx.text.LCD_Clear) refers to lcd.o(.text.LCD_Clear) for [Anonymous Symbol]
    lcd.o(.text.LCD_WriteBits) refers to lcd.o(.text.LCD_SetControlBits) for LCD_SetControlBits
    lcd.o(.text.LCD_WriteBits) refers to lcd.o(.data.GPIOA_ODR) for GPIOA_ODR
    lcd.o(.text.LCD_WriteBits) refers to lcd.o(.text.LCD_Enable) for LCD_Enable
    lcd.o(.ARM.exidx.text.LCD_WriteBits) refers to lcd.o(.text.LCD_WriteBits) for [Anonymous Symbol]
    lcd.o(.text.LCD_WriteChar) refers to lcd.o(.text.LCD_SetControlBits) for LCD_SetControlBits
    lcd.o(.text.LCD_WriteChar) refers to lcd.o(.data.GPIOA_ODR) for GPIOA_ODR
    lcd.o(.text.LCD_WriteChar) refers to lcd.o(.text.LCD_Enable) for LCD_Enable
    lcd.o(.ARM.exidx.text.LCD_WriteChar) refers to lcd.o(.text.LCD_WriteChar) for [Anonymous Symbol]
    lcd.o(.text.LCD_WriteStr) refers to lcd.o(.text.LCD_WriteChar) for LCD_WriteChar
    lcd.o(.ARM.exidx.text.LCD_WriteStr) refers to lcd.o(.text.LCD_WriteStr) for [Anonymous Symbol]
    lcd.o(.text.LCD_SetAddress) refers to lcd.o(.text.LCD_SetControlBits) for LCD_SetControlBits
    lcd.o(.text.LCD_SetAddress) refers to lcd.o(.data.GPIOA_ODR) for GPIOA_ODR
    lcd.o(.text.LCD_SetAddress) refers to lcd.o(.text.LCD_Enable) for LCD_Enable
    lcd.o(.ARM.exidx.text.LCD_SetAddress) refers to lcd.o(.text.LCD_SetAddress) for [Anonymous Symbol]
    lcd.o(.text.print_time) refers to lcd.o(.text.LCD_SetAddress) for LCD_SetAddress
    lcd.o(.text.print_time) refers to lcd.o(.text.LCD_WriteChar) for LCD_WriteChar
    lcd.o(.ARM.exidx.text.print_time) refers to lcd.o(.text.print_time) for [Anonymous Symbol]
    lcd.o(.text.print_mode) refers to lcd.o(.text.LCD_SetAddress) for LCD_SetAddress
    lcd.o(.text.print_mode) refers to lcd.o(.rodata.str1.1) for .L.str
    lcd.o(.text.print_mode) refers to lcd.o(.text.LCD_WriteStr) for LCD_WriteStr
    lcd.o(.ARM.exidx.text.print_mode) refers to lcd.o(.text.print_mode) for [Anonymous Symbol]
    lcd.o(.text.setMode) refers to lcd.o(.text.LCD_SetControlBits) for LCD_SetControlBits
    lcd.o(.text.setMode) refers to lcd.o(.data.GPIOA_ODR) for GPIOA_ODR
    lcd.o(.text.setMode) refers to lcd.o(.text.LCD_Enable) for LCD_Enable
    lcd.o(.text.setMode) refers to lcd.o(.text.LCD_SetAddress) for LCD_SetAddress
    lcd.o(.text.setMode) refers to lcd.o(.rodata.str1.1) for .L.str.2
    lcd.o(.text.setMode) refers to lcd.o(.text.LCD_WriteStr) for LCD_WriteStr
    lcd.o(.text.setMode) refers to lcd.o(.data.GPIOC_IDR) for GPIOC_IDR
    lcd.o(.text.setMode) refers to lcd.o(.data.setMode.addrOpp) for setMode.addrOpp
    lcd.o(.ARM.exidx.text.setMode) refers to lcd.o(.text.setMode) for [Anonymous Symbol]
    merge.o(.text.main) refers to lcd.o(.text.GPIO_Init) for GPIO_Init
    merge.o(.text.main) refers to lcd.o(.text.LCD_Init) for LCD_Init
    merge.o(.text.main) refers to merge.o(.text.TIM3_Init) for TIM3_Init
    merge.o(.text.main) refers to lcd.o(.text.setMode) for setMode
    merge.o(.text.main) refers to merge.o(.data.mode) for mode
    merge.o(.text.main) refers to merge.o(.text.playTune) for playTune
    merge.o(.text.main) refers to merge.o(.text.TIM2_Init) for TIM2_Init
    merge.o(.text.main) refers to lcd.o(.text.LCD_Clear) for LCD_Clear
    merge.o(.ARM.exidx.text.main) refers to merge.o(.text.main) for [Anonymous Symbol]
    merge.o(.ARM.exidx.text.TIM3_Init) refers to merge.o(.text.TIM3_Init) for [Anonymous Symbol]
    merge.o(.text.playTune) refers to merge.o(.text.playBuzzer) for playBuzzer
    merge.o(.text.playTune) refers to dflt_clz.o(x$fpl$dflt) for __aeabi_i2d
    merge.o(.text.playTune) refers to dcmp.o(x$fpl$fcmp) for __aeabi_dcmpge
    merge.o(.ARM.exidx.text.playTune) refers to merge.o(.text.playTune) for [Anonymous Symbol]
    merge.o(.ARM.exidx.text.TIM2_Init) refers to merge.o(.text.TIM2_Init) for [Anonymous Symbol]
    merge.o(.text.TIM2_IRQHandler) refers to merge.o(.bss.start) for start
    merge.o(.text.TIM2_IRQHandler) refers to merge.o(.data.mode) for mode
    merge.o(.text.TIM2_IRQHandler) refers to merge.o(.bss.TIM2_IRQHandler.tsec) for TIM2_IRQHandler.tsec
    merge.o(.text.TIM2_IRQHandler) refers to merge.o(.bss.paused) for paused
    merge.o(.text.TIM2_IRQHandler) refers to merge.o(.bss.TIM2_IRQHandler.done) for TIM2_IRQHandler.done
    merge.o(.text.TIM2_IRQHandler) refers to merge.o(.bss.TIM2_IRQHandler.sec) for TIM2_IRQHandler.sec
    merge.o(.text.TIM2_IRQHandler) refers to merge.o(.bss.TIM2_IRQHandler.min) for TIM2_IRQHandler.min
    merge.o(.text.TIM2_IRQHandler) refers to merge.o(.bss.TIM2_IRQHandler.cycle) for TIM2_IRQHandler.cycle
    merge.o(.text.TIM2_IRQHandler) refers to merge.o(.bss.TIM2_IRQHandler.brk) for TIM2_IRQHandler.brk
    merge.o(.text.TIM2_IRQHandler) refers to merge.o(.text.playTune) for playTune
    merge.o(.text.TIM2_IRQHandler) refers to lcd.o(.text.print_mode) for print_mode
    merge.o(.text.TIM2_IRQHandler) refers to lcd.o(.text.print_time) for print_time
    merge.o(.ARM.exidx.text.TIM2_IRQHandler) refers to merge.o(.text.TIM2_IRQHandler) for [Anonymous Symbol]
    merge.o(.ARM.exidx.text.TIM2_Enable) refers to merge.o(.text.TIM2_Enable) for [Anonymous Symbol]
    merge.o(.text.playBuzzer) refers to dflt_clz.o(x$fpl$dfltu) for __aeabi_ui2d
    merge.o(.text.playBuzzer) refers to ddiv.o(x$fpl$ddiv) for __aeabi_ddiv
    merge.o(.text.playBuzzer) refers to dfixu.o(x$fpl$dfixu) for __aeabi_d2uiz
    merge.o(.ARM.exidx.text.playBuzzer) refers to merge.o(.text.playBuzzer) for [Anonymous Symbol]
    merge.o(.text.pauseButton) refers to merge.o(.text.playTune) for playTune
    merge.o(.text.pauseButton) refers to merge.o(.text.TIM2_Enable) for TIM2_Enable
    merge.o(.ARM.exidx.text.pauseButton) refers to merge.o(.text.pauseButton) for [Anonymous Symbol]
    startup_stm32l476xx.o(STACK) refers (Special) to heapauxi.o(.text) for __use_two_region_memory
    startup_stm32l476xx.o(HEAP) refers (Special) to heapauxi.o(.text) for __use_two_region_memory
    startup_stm32l476xx.o(RESET) refers (Special) to heapauxi.o(.text) for __use_two_region_memory
    startup_stm32l476xx.o(RESET) refers to startup_stm32l476xx.o(STACK) for __initial_sp
    startup_stm32l476xx.o(RESET) refers to startup_stm32l476xx.o(.text) for Reset_Handler
    startup_stm32l476xx.o(RESET) refers to merge.o(.text.TIM2_IRQHandler) for TIM2_IRQHandler
    startup_stm32l476xx.o(.text) refers (Special) to heapauxi.o(.text) for __use_two_region_memory
    startup_stm32l476xx.o(.text) refers to system_stm32l4xx.o(.text.SystemInit) for SystemInit
    startup_stm32l476xx.o(.text) refers to __main.o(!!!main) for __main
    startup_stm32l476xx.o(.text) refers to startup_stm32l476xx.o(HEAP) for Heap_Mem
    startup_stm32l476xx.o(.text) refers to startup_stm32l476xx.o(STACK) for Stack_Mem
    system_stm32l4xx.o(.ARM.exidx.text.SystemInit) refers to system_stm32l4xx.o(.text.SystemInit) for [Anonymous Symbol]
    system_stm32l4xx.o(.text.SystemCoreClockUpdate) refers to system_stm32l4xx.o(.rodata.MSIRangeTable) for MSIRangeTable
    system_stm32l4xx.o(.text.SystemCoreClockUpdate) refers to system_stm32l4xx.o(.data.SystemCoreClock) for SystemCoreClock
    system_stm32l4xx.o(.text.SystemCoreClockUpdate) refers to system_stm32l4xx.o(.rodata.AHBPrescTable) for AHBPrescTable
    system_stm32l4xx.o(.ARM.exidx.text.SystemCoreClockUpdate) refers to system_stm32l4xx.o(.text.SystemCoreClockUpdate) for [Anonymous Symbol]
    __main.o(!!!main) refers to __rtentry.o(.ARM.Collect$$rtentry$$00000000) for __rt_entry
    dcmp.o(x$fpl$fcmp) refers (Special) to usenofp.o(x$fpl$usenofp) for __I$use$fp
    dcmp.o(x$fpl$fcmp) refers to deqf.o(x$fpl$deqf) for _dcmpeq
    dcmp.o(x$fpl$fcmp) refers to dgeqf.o(x$fpl$dgeqf) for _dcmpge
    dcmp.o(x$fpl$fcmp) refers to dleqf.o(x$fpl$dleqf) for _dcmple
    ddiv.o(x$fpl$drdiv) refers (Special) to usenofp.o(x$fpl$usenofp) for __I$use$fp
    ddiv.o(x$fpl$drdiv) refers to ddiv.o(x$fpl$ddiv) for ddiv_entry
    ddiv.o(x$fpl$ddiv) refers (Special) to usenofp.o(x$fpl$usenofp) for __I$use$fp
    ddiv.o(x$fpl$ddiv) refers to dretinf.o(x$fpl$dretinf) for __fpl_dretinf
    ddiv.o(x$fpl$ddiv) refers to dnaninf.o(x$fpl$dnaninf) for __fpl_dnaninf
    dfixu.o(x$fpl$dfixu) refers (Special) to usenofp.o(x$fpl$usenofp) for __I$use$fp
    dfixu.o(x$fpl$dfixu) refers to dnaninf.o(x$fpl$dnaninf) for __fpl_dnaninf
    dfixu.o(x$fpl$dfixur) refers (Special) to usenofp.o(x$fpl$usenofp) for __I$use$fp
    dfixu.o(x$fpl$dfixur) refers to dnaninf.o(x$fpl$dnaninf) for __fpl_dnaninf
    dflt_clz.o(x$fpl$dfltu) refers (Special) to usenofp.o(x$fpl$usenofp) for __I$use$fp
    dflt_clz.o(x$fpl$dflt) refers (Special) to usenofp.o(x$fpl$usenofp) for __I$use$fp
    dflt_clz.o(x$fpl$dfltn) refers (Special) to usenofp.o(x$fpl$usenofp) for __I$use$fp
    __rtentry.o(.ARM.Collect$$rtentry$$00000000) refers (Special) to __rtentry2.o(.ARM.Collect$$rtentry$$0000000A) for __rt_entry_li
    __rtentry.o(.ARM.Collect$$rtentry$$00000000) refers (Special) to __rtentry2.o(.ARM.Collect$$rtentry$$0000000D) for __rt_entry_main
    __rtentry.o(.ARM.Collect$$rtentry$$00000000) refers (Special) to __rtentry2.o(.ARM.Collect$$rtentry$$0000000C) for __rt_entry_postli_1
    __rtentry.o(.ARM.Collect$$rtentry$$00000000) refers (Special) to __rtentry2.o(.ARM.Collect$$rtentry$$00000009) for __rt_entry_postsh_1
    __rtentry.o(.ARM.Collect$$rtentry$$00000000) refers (Special) to __rtentry2.o(.ARM.Collect$$rtentry$$00000002) for __rt_entry_presh_1
    __rtentry.o(.ARM.Collect$$rtentry$$00000000) refers (Special) to __rtentry4.o(.ARM.Collect$$rtentry$$00000004) for __rt_entry_sh
    deqf.o(x$fpl$deqf) refers (Special) to usenofp.o(x$fpl$usenofp) for __I$use$fp
    deqf.o(x$fpl$deqf) refers to dnaninf.o(x$fpl$dnaninf) for __fpl_dnaninf
    deqf.o(x$fpl$deqf) refers to dcmpi.o(x$fpl$dcmpinf) for __fpl_dcmp_Inf
    dgeqf.o(x$fpl$dgeqf) refers (Special) to usenofp.o(x$fpl$usenofp) for __I$use$fp
    dgeqf.o(x$fpl$dgeqf) refers to dnaninf.o(x$fpl$dnaninf) for __fpl_dnaninf
    dgeqf.o(x$fpl$dgeqf) refers to dcmpi.o(x$fpl$dcmpinf) for __fpl_dcmp_Inf
    dleqf.o(x$fpl$dleqf) refers (Special) to usenofp.o(x$fpl$usenofp) for __I$use$fp
    dleqf.o(x$fpl$dleqf) refers to dnaninf.o(x$fpl$dnaninf) for __fpl_dnaninf
    dleqf.o(x$fpl$dleqf) refers to dcmpi.o(x$fpl$dcmpinf) for __fpl_dcmp_Inf
    dnaninf.o(x$fpl$dnaninf) refers (Special) to usenofp.o(x$fpl$usenofp) for __I$use$fp
    dretinf.o(x$fpl$dretinf) refers (Special) to usenofp.o(x$fpl$usenofp) for __I$use$fp
    __rtentry2.o(.ARM.Collect$$rtentry$$00000008) refers to boardinit2.o(.text) for _platform_post_stackheap_init
    __rtentry2.o(.ARM.Collect$$rtentry$$0000000A) refers to libinit.o(.ARM.Collect$$libinit$$00000000) for __rt_lib_init
    __rtentry2.o(.ARM.Collect$$rtentry$$0000000B) refers to boardinit3.o(.text) for _platform_post_lib_init
    __rtentry2.o(.ARM.Collect$$rtentry$$0000000D) refers to merge.o(.text.main) for main
    __rtentry2.o(.ARM.Collect$$rtentry$$0000000D) refers to exit.o(.text) for exit
    __rtentry2.o(.ARM.exidx) refers to __rtentry2.o(.ARM.Collect$$rtentry$$00000001) for .ARM.Collect$$rtentry$$00000001
    __rtentry2.o(.ARM.exidx) refers to __rtentry2.o(.ARM.Collect$$rtentry$$00000008) for .ARM.Collect$$rtentry$$00000008
    __rtentry2.o(.ARM.exidx) refers to __rtentry2.o(.ARM.Collect$$rtentry$$0000000A) for .ARM.Collect$$rtentry$$0000000A
    __rtentry2.o(.ARM.exidx) refers to __rtentry2.o(.ARM.Collect$$rtentry$$0000000B) for .ARM.Collect$$rtentry$$0000000B
    __rtentry2.o(.ARM.exidx) refers to __rtentry2.o(.ARM.Collect$$rtentry$$0000000D) for .ARM.Collect$$rtentry$$0000000D
    __rtentry4.o(.ARM.Collect$$rtentry$$00000004) refers to sys_stackheap_outer.o(.text) for __user_setup_stackheap
    __rtentry4.o(.ARM.exidx) refers to __rtentry4.o(.ARM.Collect$$rtentry$$00000004) for .ARM.Collect$$rtentry$$00000004
    dcmpi.o(x$fpl$dcmpinf) refers (Special) to usenofp.o(x$fpl$usenofp) for __I$use$fp
    sys_stackheap_outer.o(.text) refers to libspace.o(.text) for __user_perproc_libspace
    sys_stackheap_outer.o(.text) refers to startup_stm32l476xx.o(.text) for __user_initial_stackheap
    exit.o(.text) refers to rtexit.o(.ARM.Collect$$rtexit$$00000000) for __rt_exit
    libinit.o(.ARM.Collect$$libinit$$00000000) refers (Special) to libinit2.o(.ARM.Collect$$libinit$$00000030) for __rt_lib_init_alloca_1
    libinit.o(.ARM.Collect$$libinit$$00000000) refers (Special) to libinit2.o(.ARM.Collect$$libinit$$0000002E) for __rt_lib_init_argv_1
    libinit.o(.ARM.Collect$$libinit$$00000000) refers (Special) to libinit2.o(.ARM.Collect$$libinit$$0000001D) for __rt_lib_init_atexit_1
    libinit.o(.ARM.Collect$$libinit$$00000000) refers (Special) to libinit2.o(.ARM.Collect$$libinit$$00000023) for __rt_lib_init_clock_1
    libinit.o(.ARM.Collect$$libinit$$00000000) refers (Special) to libinit2.o(.ARM.Collect$$libinit$$00000034) for __rt_lib_init_cpp_1
    libinit.o(.ARM.Collect$$libinit$$00000000) refers (Special) to libinit2.o(.ARM.Collect$$libinit$$00000032) for __rt_lib_init_exceptions_1
    libinit.o(.ARM.Collect$$libinit$$00000000) refers (Special) to libinit2.o(.ARM.Collect$$libinit$$00000001) for __rt_lib_init_fp_1
    libinit.o(.ARM.Collect$$libinit$$00000000) refers (Special) to libinit2.o(.ARM.Collect$$libinit$$00000021) for __rt_lib_init_fp_trap_1
    libinit.o(.ARM.Collect$$libinit$$00000000) refers (Special) to libinit2.o(.ARM.Collect$$libinit$$00000025) for __rt_lib_init_getenv_1
    libinit.o(.ARM.Collect$$libinit$$00000000) refers (Special) to libinit2.o(.ARM.Collect$$libinit$$0000000C) for __rt_lib_init_heap_1
    libinit.o(.ARM.Collect$$libinit$$00000000) refers (Special) to libinit2.o(.ARM.Collect$$libinit$$00000013) for __rt_lib_init_lc_collate_1
    libinit.o(.ARM.Collect$$libinit$$00000000) refers (Special) to libinit2.o(.ARM.Collect$$libinit$$00000015) for __rt_lib_init_lc_ctype_1
    libinit.o(.ARM.Collect$$libinit$$00000000) refers (Special) to libinit2.o(.ARM.Collect$$libinit$$00000017) for __rt_lib_init_lc_monetary_1
    libinit.o(.ARM.Collect$$libinit$$00000000) refers (Special) to libinit2.o(.ARM.Collect$$libinit$$00000019) for __rt_lib_init_lc_numeric_1
    libinit.o(.ARM.Collect$$libinit$$00000000) refers (Special) to libinit2.o(.ARM.Collect$$libinit$$0000001B) for __rt_lib_init_lc_time_1
    libinit.o(.ARM.Collect$$libinit$$00000000) refers (Special) to libinit2.o(.ARM.Collect$$libinit$$00000006) for __rt_lib_init_preinit_1
    libinit.o(.ARM.Collect$$libinit$$00000000) refers (Special) to libinit2.o(.ARM.Collect$$libinit$$00000010) for __rt_lib_init_rand_1
    libinit.o(.ARM.Collect$$libinit$$00000000) refers (Special) to libinit2.o(.ARM.Collect$$libinit$$00000004) for __rt_lib_init_relocate_pie_1
    libinit.o(.ARM.Collect$$libinit$$00000000) refers (Special) to libinit2.o(.ARM.Collect$$libinit$$00000035) for __rt_lib_init_return
    libinit.o(.ARM.Collect$$libinit$$00000000) refers (Special) to libinit2.o(.ARM.Collect$$libinit$$0000001F) for __rt_lib_init_signal_1
    libinit.o(.ARM.Collect$$libinit$$00000000) refers (Special) to libinit2.o(.ARM.Collect$$libinit$$00000027) for __rt_lib_init_stdio_1
    libinit.o(.ARM.Collect$$libinit$$00000000) refers (Special) to libinit2.o(.ARM.Collect$$libinit$$0000000E) for __rt_lib_init_user_alloc_1
    libspace.o(.text) refers to libspace.o(.bss) for __libspace_start
    rtexit.o(.ARM.Collect$$rtexit$$00000000) refers (Special) to rtexit2.o(.ARM.Collect$$rtexit$$00000004) for __rt_exit_exit
    rtexit.o(.ARM.Collect$$rtexit$$00000000) refers (Special) to rtexit2.o(.ARM.Collect$$rtexit$$00000003) for __rt_exit_ls
    rtexit.o(.ARM.Collect$$rtexit$$00000000) refers (Special) to rtexit2.o(.ARM.Collect$$rtexit$$00000002) for __rt_exit_prels_1
    rtexit.o(.ARM.exidx) refers (Special) to rtexit2.o(.ARM.Collect$$rtexit$$00000004) for __rt_exit_exit
    rtexit.o(.ARM.exidx) refers (Special) to rtexit2.o(.ARM.Collect$$rtexit$$00000003) for __rt_exit_ls
    rtexit.o(.ARM.exidx) refers (Special) to rtexit2.o(.ARM.Collect$$rtexit$$00000002) for __rt_exit_prels_1
    rtexit.o(.ARM.exidx) refers to rtexit.o(.ARM.Collect$$rtexit$$00000000) for .ARM.Collect$$rtexit$$00000000
    libinit2.o(.ARM.Collect$$libinit$$00000001) refers to fpinit.o(x$fpl$fpinit) for _fp_init
    libinit2.o(.ARM.Collect$$libinit$$00000012) refers to libinit2.o(.ARM.Collect$$libinit$$00000011) for .ARM.Collect$$libinit$$00000011
    libinit2.o(.ARM.Collect$$libinit$$00000014) refers to libinit2.o(.ARM.Collect$$libinit$$00000011) for .ARM.Collect$$libinit$$00000011
    libinit2.o(.ARM.Collect$$libinit$$00000016) refers to libinit2.o(.ARM.Collect$$libinit$$00000011) for .ARM.Collect$$libinit$$00000011
    libinit2.o(.ARM.Collect$$libinit$$00000018) refers to libinit2.o(.ARM.Collect$$libinit$$00000011) for .ARM.Collect$$libinit$$00000011
    libinit2.o(.ARM.Collect$$libinit$$0000001A) refers to libinit2.o(.ARM.Collect$$libinit$$00000011) for .ARM.Collect$$libinit$$00000011
    libinit2.o(.ARM.Collect$$libinit$$00000028) refers to argv_veneer.o(.emb_text) for __ARM_argv_veneer
    libinit2.o(.ARM.Collect$$libinit$$00000029) refers to argv_veneer.o(.emb_text) for __ARM_argv_veneer
    rtexit2.o(.ARM.Collect$$rtexit$$00000003) refers to libshutdown.o(.ARM.Collect$$libshutdown$$00000000) for __rt_lib_shutdown
    rtexit2.o(.ARM.Collect$$rtexit$$00000004) refers to sys_exit.o(.text) for _sys_exit
    rtexit2.o(.ARM.exidx) refers to rtexit2.o(.ARM.Collect$$rtexit$$00000001) for .ARM.Collect$$rtexit$$00000001
    rtexit2.o(.ARM.exidx) refers to rtexit2.o(.ARM.Collect$$rtexit$$00000003) for .ARM.Collect$$rtexit$$00000003
    rtexit2.o(.ARM.exidx) refers to rtexit2.o(.ARM.Collect$$rtexit$$00000004) for .ARM.Collect$$rtexit$$00000004
    argv_veneer.o(.emb_text) refers to no_argv.o(.text) for __ARM_get_argv
    sys_exit.o(.text) refers (Special) to use_no_semi.o(.text) for __I$use$semihosting
    sys_exit.o(.text) refers (Special) to indicate_semi.o(.text) for __semihosting_library_function
    sys_exit_hlt.o(.text) refers (Special) to use_no_semi.o(.text) for __I$use$semihosting
    sys_exit_hlt.o(.text) refers (Special) to indicate_semi.o(.text) for __semihosting_library_function
    _get_argv_nomalloc.o(.text) refers (Special) to hrguard.o(.text) for __heap_region$guard
    _get_argv_nomalloc.o(.text) refers to defsig_rtmem_outer.o(.text) for __rt_SIGRTMEM
    _get_argv_nomalloc.o(.text) refers to sys_command.o(.text) for _sys_command_string
    libshutdown.o(.ARM.Collect$$libshutdown$$00000000) refers (Special) to libshutdown2.o(.ARM.Collect$$libshutdown$$00000002) for __rt_lib_shutdown_cpp_1
    libshutdown.o(.ARM.Collect$$libshutdown$$00000000) refers (Special) to libshutdown2.o(.ARM.Collect$$libshutdown$$00000007) for __rt_lib_shutdown_fp_trap_1
    libshutdown.o(.ARM.Collect$$libshutdown$$00000000) refers (Special) to libshutdown2.o(.ARM.Collect$$libshutdown$$0000000F) for __rt_lib_shutdown_heap_1
    libshutdown.o(.ARM.Collect$$libshutdown$$00000000) refers (Special) to libshutdown2.o(.ARM.Collect$$libshutdown$$00000010) for __rt_lib_shutdown_return
    libshutdown.o(.ARM.Collect$$libshutdown$$00000000) refers (Special) to libshutdown2.o(.ARM.Collect$$libshutdown$$0000000A) for __rt_lib_shutdown_signal_1
    libshutdown.o(.ARM.Collect$$libshutdown$$00000000) refers (Special) to libshutdown2.o(.ARM.Collect$$libshutdown$$00000004) for __rt_lib_shutdown_stdio_1
    libshutdown.o(.ARM.Collect$$libshutdown$$00000000) refers (Special) to libshutdown2.o(.ARM.Collect$$libshutdown$$0000000C) for __rt_lib_shutdown_user_alloc_1
    sys_command.o(.text) refers (Special) to use_no_semi.o(.text) for __I$use$semihosting
    sys_command.o(.text) refers (Special) to indicate_semi.o(.text) for __semihosting_library_function
    sys_command_hlt.o(.text) refers (Special) to use_no_semi.o(.text) for __I$use$semihosting
    sys_command_hlt.o(.text) refers (Special) to indicate_semi.o(.text) for __semihosting_library_function
    defsig_rtmem_outer.o(.text) refers to defsig_rtmem_inner.o(.text) for __rt_SIGRTMEM_inner
    defsig_rtmem_outer.o(.text) refers to defsig_exit.o(.text) for __sig_exit
    defsig_rtmem_formal.o(.text) refers to rt_raise.o(.text) for __rt_raise
    rt_raise.o(.text) refers to __raise.o(.text) for __raise
    rt_raise.o(.text) refers to sys_exit.o(.text) for _sys_exit
    defsig_exit.o(.text) refers to sys_exit.o(.text) for _sys_exit
    defsig_rtmem_inner.o(.text) refers to defsig_general.o(.text) for __default_signal_display
    __raise.o(.text) refers to defsig.o(CL$$defsig) for __default_signal_handler
    defsig_general.o(.text) refers to sys_wrch.o(.text) for _ttywrch
    sys_wrch.o(.text) refers (Special) to use_no_semi.o(.text) for __I$use$semihosting
    sys_wrch.o(.text) refers (Special) to indicate_semi.o(.text) for __semihosting_library_function
    sys_wrch_hlt.o(.text) refers (Special) to use_no_semi.o(.text) for __I$use$semihosting
    sys_wrch_hlt.o(.text) refers (Special) to indicate_semi.o(.text) for __semihosting_library_function
    defsig.o(CL$$defsig) refers to defsig_rtmem_inner.o(.text) for __rt_SIGRTMEM_inner
    defsig_abrt_inner.o(.text) refers to defsig_general.o(.text) for __default_signal_display
    defsig_fpe_inner.o(.text) refers to defsig_general.o(.text) for __default_signal_display
    defsig_rtred_inner.o(.text) refers to defsig_general.o(.text) for __default_signal_display
    defsig_stak_inner.o(.text) refers to defsig_general.o(.text) for __default_signal_display
    defsig_pvfn_inner.o(.text) refers to defsig_general.o(.text) for __default_signal_display
    defsig_cppl_inner.o(.text) refers to defsig_general.o(.text) for __default_signal_display
    defsig_segv_inner.o(.text) refers to defsig_general.o(.text) for __default_signal_display
    defsig_other.o(.text) refers to defsig_general.o(.text) for __default_signal_display


==============================================================================

Removing Unused input sections from the image.

    Removing lcd.o(.text), (0 bytes).
    Removing lcd.o(.ARM.exidx.text.GPIO_Init), (8 bytes).
    Removing lcd.o(.ARM.exidx.text.LCD_Init), (8 bytes).
    Removing lcd.o(.ARM.exidx.text.LCD_SetControlBits), (8 bytes).
    Removing lcd.o(.ARM.exidx.text.LCD_Enable), (8 bytes).
    Removing lcd.o(.text.LCD_ReturnHome), (56 bytes).
    Removing lcd.o(.ARM.exidx.text.LCD_ReturnHome), (8 bytes).
    Removing lcd.o(.ARM.exidx.text.LCD_Clear), (8 bytes).
    Removing lcd.o(.text.LCD_WriteBits), (432 bytes).
    Removing lcd.o(.ARM.exidx.text.LCD_WriteBits), (8 bytes).
    Removing lcd.o(.ARM.exidx.text.LCD_WriteChar), (8 bytes).
    Removing lcd.o(.ARM.exidx.text.LCD_WriteStr), (8 bytes).
    Removing lcd.o(.ARM.exidx.text.LCD_SetAddress), (8 bytes).
    Removing lcd.o(.ARM.exidx.text.print_time), (8 bytes).
    Removing lcd.o(.ARM.exidx.text.print_mode), (8 bytes).
    Removing lcd.o(.ARM.exidx.text.setMode), (8 bytes).
    Removing merge.o(.text), (0 bytes).
    Removing merge.o(.ARM.exidx.text.main), (8 bytes).
    Removing merge.o(.ARM.exidx.text.TIM3_Init), (8 bytes).
    Removing merge.o(.ARM.exidx.text.playTune), (8 bytes).
    Removing merge.o(.ARM.exidx.text.TIM2_Init), (8 bytes).
    Removing merge.o(.ARM.exidx.text.TIM2_IRQHandler), (8 bytes).
    Removing merge.o(.text.TIM2_Enable), (52 bytes).
    Removing merge.o(.ARM.exidx.text.TIM2_Enable), (8 bytes).
    Removing merge.o(.ARM.exidx.text.playBuzzer), (8 bytes).
    Removing merge.o(.text.pauseButton), (46 bytes).
    Removing merge.o(.ARM.exidx.text.pauseButton), (8 bytes).
    Removing merge.o(.ARM.use_no_argv), (4 bytes).
    Removing system_stm32l4xx.o(.text), (0 bytes).
    Removing system_stm32l4xx.o(.ARM.exidx.text.SystemInit), (8 bytes).
    Removing system_stm32l4xx.o(.text.SystemCoreClockUpdate), (380 bytes).
    Removing system_stm32l4xx.o(.ARM.exidx.text.SystemCoreClockUpdate), (8 bytes).
    Removing system_stm32l4xx.o(.data.SystemCoreClock), (4 bytes).
    Removing system_stm32l4xx.o(.rodata.AHBPrescTable), (16 bytes).
    Removing system_stm32l4xx.o(.rodata.APBPrescTable), (8 bytes).
    Removing system_stm32l4xx.o(.rodata.MSIRangeTable), (48 bytes).

36 unused section(s) (total 1230 bytes) removed from the image.

==============================================================================

Image Symbol Table

    Local Symbols

    Symbol Name                              Value     Ov Type        Size  Object(Section)

    ../clib/angel/boardlib.s                 0x00000000   Number         0  boardinit1.o ABSOLUTE
    ../clib/angel/boardlib.s                 0x00000000   Number         0  boardinit2.o ABSOLUTE
    ../clib/angel/boardlib.s                 0x00000000   Number         0  boardinit3.o ABSOLUTE
    ../clib/angel/boardlib.s                 0x00000000   Number         0  boardshut.o ABSOLUTE
    ../clib/angel/handlers.s                 0x00000000   Number         0  __scatter_copy.o ABSOLUTE
    ../clib/angel/handlers.s                 0x00000000   Number         0  __scatter_zi.o ABSOLUTE
    ../clib/angel/kernel.s                   0x00000000   Number         0  __rtentry.o ABSOLUTE
    ../clib/angel/kernel.s                   0x00000000   Number         0  __rtentry2.o ABSOLUTE
    ../clib/angel/kernel.s                   0x00000000   Number         0  __rtentry4.o ABSOLUTE
    ../clib/angel/kernel.s                   0x00000000   Number         0  rtexit.o ABSOLUTE
    ../clib/angel/kernel.s                   0x00000000   Number         0  rtexit2.o ABSOLUTE
    ../clib/angel/rt.s                       0x00000000   Number         0  rt_raise.o ABSOLUTE
    ../clib/angel/scatter.s                  0x00000000   Number         0  __scatter.o ABSOLUTE
    ../clib/angel/startup.s                  0x00000000   Number         0  __main.o ABSOLUTE
    ../clib/angel/sys.s                      0x00000000   Number         0  sys_stackheap_outer.o ABSOLUTE
    ../clib/angel/sys.s                      0x00000000   Number         0  libspace.o ABSOLUTE
    ../clib/angel/sys.s                      0x00000000   Number         0  use_no_semi.o ABSOLUTE
    ../clib/angel/sys.s                      0x00000000   Number         0  indicate_semi.o ABSOLUTE
    ../clib/angel/sysapp.c                   0x00000000   Number         0  sys_exit.o ABSOLUTE
    ../clib/angel/sysapp.c                   0x00000000   Number         0  sys_exit_hlt.o ABSOLUTE
    ../clib/angel/sysapp.c                   0x00000000   Number         0  sys_command.o ABSOLUTE
    ../clib/angel/sysapp.c                   0x00000000   Number         0  sys_command_hlt.o ABSOLUTE
    ../clib/angel/sysapp.c                   0x00000000   Number         0  sys_wrch.o ABSOLUTE
    ../clib/angel/sysapp.c                   0x00000000   Number         0  sys_wrch_hlt.o ABSOLUTE
    ../clib/armsys.c                         0x00000000   Number         0  argv_veneer.o ABSOLUTE
    ../clib/armsys.c                         0x00000000   Number         0  argv_veneer.o ABSOLUTE
    ../clib/armsys.c                         0x00000000   Number         0  _get_argv_nomalloc.o ABSOLUTE
    ../clib/armsys.c                         0x00000000   Number         0  no_argv.o ABSOLUTE
    ../clib/heapalloc.c                      0x00000000   Number         0  hrguard.o ABSOLUTE
    ../clib/heapaux.c                        0x00000000   Number         0  heapauxi.o ABSOLUTE
    ../clib/libinit.s                        0x00000000   Number         0  libinit.o ABSOLUTE
    ../clib/libinit.s                        0x00000000   Number         0  libinit2.o ABSOLUTE
    ../clib/libinit.s                        0x00000000   Number         0  libshutdown.o ABSOLUTE
    ../clib/libinit.s                        0x00000000   Number         0  libshutdown2.o ABSOLUTE
    ../clib/signal.c                         0x00000000   Number         0  defsig_rtmem_outer.o ABSOLUTE
    ../clib/signal.c                         0x00000000   Number         0  defsig_rtmem_formal.o ABSOLUTE
    ../clib/signal.c                         0x00000000   Number         0  defsig_exit.o ABSOLUTE
    ../clib/signal.c                         0x00000000   Number         0  defsig_rtmem_inner.o ABSOLUTE
    ../clib/signal.c                         0x00000000   Number         0  __raise.o ABSOLUTE
    ../clib/signal.c                         0x00000000   Number         0  defsig_general.o ABSOLUTE
    ../clib/signal.c                         0x00000000   Number         0  defsig_abrt_inner.o ABSOLUTE
    ../clib/signal.c                         0x00000000   Number         0  defsig_fpe_inner.o ABSOLUTE
    ../clib/signal.c                         0x00000000   Number         0  defsig_rtred_inner.o ABSOLUTE
    ../clib/signal.c                         0x00000000   Number         0  defsig_stak_inner.o ABSOLUTE
    ../clib/signal.c                         0x00000000   Number         0  defsig_pvfn_inner.o ABSOLUTE
    ../clib/signal.c                         0x00000000   Number         0  defsig_cppl_inner.o ABSOLUTE
    ../clib/signal.c                         0x00000000   Number         0  defsig_segv_inner.o ABSOLUTE
    ../clib/signal.c                         0x00000000   Number         0  defsig_other.o ABSOLUTE
    ../clib/signal.s                         0x00000000   Number         0  defsig.o ABSOLUTE
    ../clib/stdlib.c                         0x00000000   Number         0  exit.o ABSOLUTE
    ../fplib/dcmp.s                          0x00000000   Number         0  dcmp.o ABSOLUTE
    ../fplib/dcmpi.s                         0x00000000   Number         0  dcmpi.o ABSOLUTE
    ../fplib/ddiv.s                          0x00000000   Number         0  ddiv.o ABSOLUTE
    ../fplib/deqf.s                          0x00000000   Number         0  deqf.o ABSOLUTE
    ../fplib/dfixu.s                         0x00000000   Number         0  dfixu.o ABSOLUTE
    ../fplib/dflt.s                          0x00000000   Number         0  dflt_clz.o ABSOLUTE
    ../fplib/dgeqf.s                         0x00000000   Number         0  dgeqf.o ABSOLUTE
    ../fplib/dleqf.s                         0x00000000   Number         0  dleqf.o ABSOLUTE
    ../fplib/dnaninf.s                       0x00000000   Number         0  dnaninf.o ABSOLUTE
    ../fplib/dretinf.s                       0x00000000   Number         0  dretinf.o ABSOLUTE
    ../fplib/fpinit.s                        0x00000000   Number         0  fpinit.o ABSOLUTE
    ../fplib/usenofp.s                       0x00000000   Number         0  usenofp.o ABSOLUTE
    RTE/Device/STM32L476RGTx/startup_stm32l476xx.s 0x00000000   Number         0  startup_stm32l476xx.o ABSOLUTE
    dc.s                                     0x00000000   Number         0  dc.o ABSOLUTE
    lcd.c                                    0x00000000   Number         0  lcd.o ABSOLUTE
    merge.c                                  0x00000000   Number         0  merge.o ABSOLUTE
    system_stm32l4xx.c                       0x00000000   Number         0  system_stm32l4xx.o ABSOLUTE
    RESET                                    0x08000000   Section      392  startup_stm32l476xx.o(RESET)
    !!!main                                  0x08000188   Section        8  __main.o(!!!main)
    !!!scatter                               0x08000190   Section       52  __scatter.o(!!!scatter)
    !!handler_copy                           0x080001c4   Section       26  __scatter_copy.o(!!handler_copy)
    !!handler_zi                             0x080001e0   Section       28  __scatter_zi.o(!!handler_zi)
    .ARM.Collect$$libinit$$00000000          0x080001fc   Section        2  libinit.o(.ARM.Collect$$libinit$$00000000)
    .ARM.Collect$$libinit$$00000001          0x080001fe   Section        4  libinit2.o(.ARM.Collect$$libinit$$00000001)
    .ARM.Collect$$libinit$$00000004          0x08000202   Section        0  libinit2.o(.ARM.Collect$$libinit$$00000004)
    .ARM.Collect$$libinit$$00000006          0x08000202   Section        0  libinit2.o(.ARM.Collect$$libinit$$00000006)
    .ARM.Collect$$libinit$$0000000C          0x08000202   Section        0  libinit2.o(.ARM.Collect$$libinit$$0000000C)
    .ARM.Collect$$libinit$$0000000E          0x08000202   Section        0  libinit2.o(.ARM.Collect$$libinit$$0000000E)
    .ARM.Collect$$libinit$$00000010          0x08000202   Section        0  libinit2.o(.ARM.Collect$$libinit$$00000010)
    .ARM.Collect$$libinit$$00000013          0x08000202   Section        0  libinit2.o(.ARM.Collect$$libinit$$00000013)
    .ARM.Collect$$libinit$$00000015          0x08000202   Section        0  libinit2.o(.ARM.Collect$$libinit$$00000015)
    .ARM.Collect$$libinit$$00000017          0x08000202   Section        0  libinit2.o(.ARM.Collect$$libinit$$00000017)
    .ARM.Collect$$libinit$$00000019          0x08000202   Section        0  libinit2.o(.ARM.Collect$$libinit$$00000019)
    .ARM.Collect$$libinit$$0000001B          0x08000202   Section        0  libinit2.o(.ARM.Collect$$libinit$$0000001B)
    .ARM.Collect$$libinit$$0000001D          0x08000202   Section        0  libinit2.o(.ARM.Collect$$libinit$$0000001D)
    .ARM.Collect$$libinit$$0000001F          0x08000202   Section        0  libinit2.o(.ARM.Collect$$libinit$$0000001F)
    .ARM.Collect$$libinit$$00000021          0x08000202   Section        0  libinit2.o(.ARM.Collect$$libinit$$00000021)
    .ARM.Collect$$libinit$$00000023          0x08000202   Section        0  libinit2.o(.ARM.Collect$$libinit$$00000023)
    .ARM.Collect$$libinit$$00000025          0x08000202   Section        0  libinit2.o(.ARM.Collect$$libinit$$00000025)
    .ARM.Collect$$libinit$$00000027          0x08000202   Section        0  libinit2.o(.ARM.Collect$$libinit$$00000027)
    .ARM.Collect$$libinit$$0000002E          0x08000202   Section        0  libinit2.o(.ARM.Collect$$libinit$$0000002E)
    .ARM.Collect$$libinit$$00000030          0x08000202   Section        0  libinit2.o(.ARM.Collect$$libinit$$00000030)
    .ARM.Collect$$libinit$$00000032          0x08000202   Section        0  libinit2.o(.ARM.Collect$$libinit$$00000032)
    .ARM.Collect$$libinit$$00000034          0x08000202   Section        0  libinit2.o(.ARM.Collect$$libinit$$00000034)
    .ARM.Collect$$libinit$$00000035          0x08000202   Section        2  libinit2.o(.ARM.Collect$$libinit$$00000035)
    .ARM.Collect$$libshutdown$$00000000      0x08000204   Section        2  libshutdown.o(.ARM.Collect$$libshutdown$$00000000)
    .ARM.Collect$$libshutdown$$00000002      0x08000206   Section        0  libshutdown2.o(.ARM.Collect$$libshutdown$$00000002)
    .ARM.Collect$$libshutdown$$00000004      0x08000206   Section        0  libshutdown2.o(.ARM.Collect$$libshutdown$$00000004)
    .ARM.Collect$$libshutdown$$00000007      0x08000206   Section        0  libshutdown2.o(.ARM.Collect$$libshutdown$$00000007)
    .ARM.Collect$$libshutdown$$0000000A      0x08000206   Section        0  libshutdown2.o(.ARM.Collect$$libshutdown$$0000000A)
    .ARM.Collect$$libshutdown$$0000000C      0x08000206   Section        0  libshutdown2.o(.ARM.Collect$$libshutdown$$0000000C)
    .ARM.Collect$$libshutdown$$0000000F      0x08000206   Section        0  libshutdown2.o(.ARM.Collect$$libshutdown$$0000000F)
    .ARM.Collect$$libshutdown$$00000010      0x08000206   Section        2  libshutdown2.o(.ARM.Collect$$libshutdown$$00000010)
    .ARM.Collect$$rtentry$$00000000          0x08000208   Section        0  __rtentry.o(.ARM.Collect$$rtentry$$00000000)
    .ARM.Collect$$rtentry$$00000002          0x08000208   Section        0  __rtentry2.o(.ARM.Collect$$rtentry$$00000002)
    .ARM.Collect$$rtentry$$00000004          0x08000208   Section        6  __rtentry4.o(.ARM.Collect$$rtentry$$00000004)
    .ARM.Collect$$rtentry$$00000009          0x0800020e   Section        0  __rtentry2.o(.ARM.Collect$$rtentry$$00000009)
    .ARM.Collect$$rtentry$$0000000A          0x0800020e   Section        4  __rtentry2.o(.ARM.Collect$$rtentry$$0000000A)
    .ARM.Collect$$rtentry$$0000000C          0x08000212   Section        0  __rtentry2.o(.ARM.Collect$$rtentry$$0000000C)
    .ARM.Collect$$rtentry$$0000000D          0x08000212   Section        8  __rtentry2.o(.ARM.Collect$$rtentry$$0000000D)
    .ARM.Collect$$rtexit$$00000000           0x0800021a   Section        2  rtexit.o(.ARM.Collect$$rtexit$$00000000)
    .ARM.Collect$$rtexit$$00000002           0x0800021c   Section        0  rtexit2.o(.ARM.Collect$$rtexit$$00000002)
    .ARM.Collect$$rtexit$$00000003           0x0800021c   Section        4  rtexit2.o(.ARM.Collect$$rtexit$$00000003)
    .ARM.Collect$$rtexit$$00000004           0x08000220   Section        6  rtexit2.o(.ARM.Collect$$rtexit$$00000004)
    $v0                                      0x08000228   Number         0  startup_stm32l476xx.o(.text)
    .text                                    0x08000228   Section       64  startup_stm32l476xx.o(.text)
    .text                                    0x08000268   Section        0  heapauxi.o(.text)
    .text                                    0x0800026e   Section       74  sys_stackheap_outer.o(.text)
    .text                                    0x080002b8   Section        0  exit.o(.text)
    .text                                    0x080002cc   Section        8  libspace.o(.text)
    .text                                    0x080002d4   Section        0  sys_exit.o(.text)
    .text                                    0x080002e0   Section        2  use_no_semi.o(.text)
    .text                                    0x080002e2   Section        0  indicate_semi.o(.text)
    [Anonymous Symbol]                       0x080002e4   Section        0  lcd.o(.text.GPIO_Init)
    [Anonymous Symbol]                       0x0800034c   Section        0  lcd.o(.text.LCD_Clear)
    [Anonymous Symbol]                       0x08000384   Section        0  lcd.o(.text.LCD_Enable)
    [Anonymous Symbol]                       0x080003cc   Section        0  lcd.o(.text.LCD_Init)
    [Anonymous Symbol]                       0x08000478   Section        0  lcd.o(.text.LCD_SetAddress)
    [Anonymous Symbol]                       0x080004e0   Section        0  lcd.o(.text.LCD_SetControlBits)
    [Anonymous Symbol]                       0x08000524   Section        0  lcd.o(.text.LCD_WriteChar)
    [Anonymous Symbol]                       0x08000584   Section        0  lcd.o(.text.LCD_WriteStr)
    [Anonymous Symbol]                       0x080005b4   Section        0  system_stm32l4xx.o(.text.SystemInit)
    [Anonymous Symbol]                       0x08000610   Section        0  merge.o(.text.TIM2_IRQHandler)
    [Anonymous Symbol]                       0x0800092c   Section        0  merge.o(.text.TIM2_Init)
    [Anonymous Symbol]                       0x080009b8   Section        0  merge.o(.text.TIM3_Init)
    [Anonymous Symbol]                       0x08000ae0   Section        0  merge.o(.text.main)
    [Anonymous Symbol]                       0x08000b50   Section        0  merge.o(.text.playBuzzer)
    [Anonymous Symbol]                       0x08000be8   Section        0  merge.o(.text.playTune)
    [Anonymous Symbol]                       0x08000c38   Section        0  lcd.o(.text.print_mode)
    [Anonymous Symbol]                       0x08000c70   Section        0  lcd.o(.text.print_time)
    [Anonymous Symbol]                       0x08000d1c   Section        0  lcd.o(.text.setMode)
    $v0                                      0x08000e64   Number         0  dcmpi.o(x$fpl$dcmpinf)
    x$fpl$dcmpinf                            0x08000e64   Section       24  dcmpi.o(x$fpl$dcmpinf)
    $v0                                      0x08000e7c   Number         0  ddiv.o(x$fpl$ddiv)
    x$fpl$ddiv                               0x08000e7c   Section      692  ddiv.o(x$fpl$ddiv)
    ddiv_entry                               0x08000e83   Thumb Code     0  ddiv.o(x$fpl$ddiv)
    $v0                                      0x08001130   Number         0  deqf.o(x$fpl$deqf)
    x$fpl$deqf                               0x08001130   Section      120  deqf.o(x$fpl$deqf)
    $v0                                      0x080011a8   Number         0  dfixu.o(x$fpl$dfixu)
    x$fpl$dfixu                              0x080011a8   Section       90  dfixu.o(x$fpl$dfixu)
    $v0                                      0x08001202   Number         0  dflt_clz.o(x$fpl$dflt)
    x$fpl$dflt                               0x08001202   Section       46  dflt_clz.o(x$fpl$dflt)
    $v0                                      0x08001230   Number         0  dflt_clz.o(x$fpl$dfltu)
    x$fpl$dfltu                              0x08001230   Section       38  dflt_clz.o(x$fpl$dfltu)
    $v0                                      0x08001258   Number         0  dgeqf.o(x$fpl$dgeqf)
    x$fpl$dgeqf                              0x08001258   Section      120  dgeqf.o(x$fpl$dgeqf)
    $v0                                      0x080012d0   Number         0  dleqf.o(x$fpl$dleqf)
    x$fpl$dleqf                              0x080012d0   Section      120  dleqf.o(x$fpl$dleqf)
    $v0                                      0x08001348   Number         0  dnaninf.o(x$fpl$dnaninf)
    x$fpl$dnaninf                            0x08001348   Section      156  dnaninf.o(x$fpl$dnaninf)
    $v0                                      0x080013e4   Number         0  dretinf.o(x$fpl$dretinf)
    x$fpl$dretinf                            0x080013e4   Section       12  dretinf.o(x$fpl$dretinf)
    $v0                                      0x080013f0   Number         0  dcmp.o(x$fpl$fcmp)
    x$fpl$fcmp                               0x080013f0   Section       84  dcmp.o(x$fpl$fcmp)
    $v0                                      0x08001444   Number         0  fpinit.o(x$fpl$fpinit)
    x$fpl$fpinit                             0x08001444   Section       26  fpinit.o(x$fpl$fpinit)
    .L.str.3                                 0x0800145e   Data          17  lcd.o(.rodata.str1.1)
    [Anonymous Symbol]                       0x0800145e   Section        0  lcd.o(.rodata.str1.1)
    x$fpl$usenofp                            0x0800145e   Section        0  usenofp.o(x$fpl$usenofp)
    .L.str.2                                 0x0800146f   Data          13  lcd.o(.rodata.str1.1)
    .L.str                                   0x0800147c   Data           6  lcd.o(.rodata.str1.1)
    .L.str.1                                 0x08001482   Data           6  lcd.o(.rodata.str1.1)
    mode                                     0x2000001c   Data           4  merge.o(.data.mode)
    [Anonymous Symbol]                       0x2000001c   Section        0  merge.o(.data.mode)
    setMode.addrOpp                          0x20000020   Data          12  lcd.o(.data.setMode.addrOpp)
    [Anonymous Symbol]                       0x20000020   Section        0  lcd.o(.data.setMode.addrOpp)
    .bss                                     0x20000030   Section       96  libspace.o(.bss)
    TIM2_IRQHandler.brk                      0x20000090   Data           4  merge.o(.bss.TIM2_IRQHandler.brk)
    [Anonymous Symbol]                       0x20000090   Section        0  merge.o(.bss.TIM2_IRQHandler.brk)
    TIM2_IRQHandler.cycle                    0x20000094   Data           4  merge.o(.bss.TIM2_IRQHandler.cycle)
    [Anonymous Symbol]                       0x20000094   Section        0  merge.o(.bss.TIM2_IRQHandler.cycle)
    TIM2_IRQHandler.done                     0x20000098   Data           4  merge.o(.bss.TIM2_IRQHandler.done)
    [Anonymous Symbol]                       0x20000098   Section        0  merge.o(.bss.TIM2_IRQHandler.done)
    TIM2_IRQHandler.min                      0x2000009c   Data           4  merge.o(.bss.TIM2_IRQHandler.min)
    [Anonymous Symbol]                       0x2000009c   Section        0  merge.o(.bss.TIM2_IRQHandler.min)
    TIM2_IRQHandler.sec                      0x200000a0   Data           4  merge.o(.bss.TIM2_IRQHandler.sec)
    [Anonymous Symbol]                       0x200000a0   Section        0  merge.o(.bss.TIM2_IRQHandler.sec)
    TIM2_IRQHandler.tsec                     0x200000a4   Data           4  merge.o(.bss.TIM2_IRQHandler.tsec)
    [Anonymous Symbol]                       0x200000a4   Section        0  merge.o(.bss.TIM2_IRQHandler.tsec)
    paused                                   0x200000a8   Data           4  merge.o(.bss.paused)
    [Anonymous Symbol]                       0x200000a8   Section        0  merge.o(.bss.paused)
    start                                    0x200000ac   Data           4  merge.o(.bss.start)
    [Anonymous Symbol]                       0x200000ac   Section        0  merge.o(.bss.start)
    Heap_Mem                                 0x200000b0   Data         512  startup_stm32l476xx.o(HEAP)
    HEAP                                     0x200000b0   Section      512  startup_stm32l476xx.o(HEAP)
    Stack_Mem                                0x200002b0   Data        1024  startup_stm32l476xx.o(STACK)
    STACK                                    0x200002b0   Section     1024  startup_stm32l476xx.o(STACK)
    __initial_sp                             0x200006b0   Data           0  startup_stm32l476xx.o(STACK)

    Global Symbols

    Symbol Name                              Value     Ov Type        Size  Object(Section)

    BuildAttributes$$THM_ISAv4$E$P$D$K$B$S$7EM$VFPi3$EXTD16$VFPS$VFMA$PE$A:L22UL41UL21$X:L11$S22US41US21$IEEE1$IW$~IW$USESV6$~STKCKD$USESV7$~SHL$OSPACE$ROPI$EBA8$UX$STANDARDLIB$REQ8$PRES8$EABIv2 0x00000000   Number         0  anon$$obj.o ABSOLUTE
    __ARM_exceptions_init                     - Undefined Weak Reference
    __alloca_initialize                       - Undefined Weak Reference
    __arm_preinit_                            - Undefined Weak Reference
    __arm_relocate_pie_                       - Undefined Weak Reference
    __cpp_initialize__aeabi_                  - Undefined Weak Reference
    __cxa_finalize                            - Undefined Weak Reference
    __rt_locale                               - Undefined Weak Reference
    __sigvec_lookup                           - Undefined Weak Reference
    _atexit_init                              - Undefined Weak Reference
    _call_atexit_fns                          - Undefined Weak Reference
    _clock_init                               - Undefined Weak Reference
    _fp_trap_init                             - Undefined Weak Reference
    _fp_trap_shutdown                         - Undefined Weak Reference
    _get_lc_collate                           - Undefined Weak Reference
    _get_lc_ctype                             - Undefined Weak Reference
    _get_lc_monetary                          - Undefined Weak Reference
    _get_lc_numeric                           - Undefined Weak Reference
    _get_lc_time                              - Undefined Weak Reference
    _getenv_init                              - Undefined Weak Reference
    _handle_redirection                       - Undefined Weak Reference
    _init_alloc                               - Undefined Weak Reference
    _init_user_alloc                          - Undefined Weak Reference
    _initio                                   - Undefined Weak Reference
    _rand_init                                - Undefined Weak Reference
    _signal_finish                            - Undefined Weak Reference
    _signal_init                              - Undefined Weak Reference
    _terminate_alloc                          - Undefined Weak Reference
    _terminate_user_alloc                     - Undefined Weak Reference
    _terminateio                              - Undefined Weak Reference
    __Vectors_Size                           0x00000188   Number         0  startup_stm32l476xx.o ABSOLUTE
    __Vectors                                0x08000000   Data           4  startup_stm32l476xx.o(RESET)
    __Vectors_End                            0x08000188   Data           0  startup_stm32l476xx.o(RESET)
    __main                                   0x08000189   Thumb Code     8  __main.o(!!!main)
    __scatterload                            0x08000191   Thumb Code     0  __scatter.o(!!!scatter)
    __scatterload_rt2                        0x08000191   Thumb Code    44  __scatter.o(!!!scatter)
    __scatterload_rt2_thumb_only             0x08000191   Thumb Code     0  __scatter.o(!!!scatter)
    __scatterload_null                       0x0800019f   Thumb Code     0  __scatter.o(!!!scatter)
    __scatterload_copy                       0x080001c5   Thumb Code    26  __scatter_copy.o(!!handler_copy)
    __scatterload_zeroinit                   0x080001e1   Thumb Code    28  __scatter_zi.o(!!handler_zi)
    __rt_lib_init                            0x080001fd   Thumb Code     0  libinit.o(.ARM.Collect$$libinit$$00000000)
    __rt_lib_init_fp_1                       0x080001ff   Thumb Code     0  libinit2.o(.ARM.Collect$$libinit$$00000001)
    __rt_lib_init_alloca_1                   0x08000203   Thumb Code     0  libinit2.o(.ARM.Collect$$libinit$$00000030)
    __rt_lib_init_argv_1                     0x08000203   Thumb Code     0  libinit2.o(.ARM.Collect$$libinit$$0000002E)
    __rt_lib_init_atexit_1                   0x08000203   Thumb Code     0  libinit2.o(.ARM.Collect$$libinit$$0000001D)
    __rt_lib_init_clock_1                    0x08000203   Thumb Code     0  libinit2.o(.ARM.Collect$$libinit$$00000023)
    __rt_lib_init_cpp_1                      0x08000203   Thumb Code     0  libinit2.o(.ARM.Collect$$libinit$$00000034)
    __rt_lib_init_exceptions_1               0x08000203   Thumb Code     0  libinit2.o(.ARM.Collect$$libinit$$00000032)
    __rt_lib_init_fp_trap_1                  0x08000203   Thumb Code     0  libinit2.o(.ARM.Collect$$libinit$$00000021)
    __rt_lib_init_getenv_1                   0x08000203   Thumb Code     0  libinit2.o(.ARM.Collect$$libinit$$00000025)
    __rt_lib_init_heap_1                     0x08000203   Thumb Code     0  libinit2.o(.ARM.Collect$$libinit$$0000000C)
    __rt_lib_init_lc_collate_1               0x08000203   Thumb Code     0  libinit2.o(.ARM.Collect$$libinit$$00000013)
    __rt_lib_init_lc_ctype_1                 0x08000203   Thumb Code     0  libinit2.o(.ARM.Collect$$libinit$$00000015)
    __rt_lib_init_lc_monetary_1              0x08000203   Thumb Code     0  libinit2.o(.ARM.Collect$$libinit$$00000017)
    __rt_lib_init_lc_numeric_1               0x08000203   Thumb Code     0  libinit2.o(.ARM.Collect$$libinit$$00000019)
    __rt_lib_init_lc_time_1                  0x08000203   Thumb Code     0  libinit2.o(.ARM.Collect$$libinit$$0000001B)
    __rt_lib_init_preinit_1                  0x08000203   Thumb Code     0  libinit2.o(.ARM.Collect$$libinit$$00000006)
    __rt_lib_init_rand_1                     0x08000203   Thumb Code     0  libinit2.o(.ARM.Collect$$libinit$$00000010)
    __rt_lib_init_relocate_pie_1             0x08000203   Thumb Code     0  libinit2.o(.ARM.Collect$$libinit$$00000004)
    __rt_lib_init_return                     0x08000203   Thumb Code     0  libinit2.o(.ARM.Collect$$libinit$$00000035)
    __rt_lib_init_signal_1                   0x08000203   Thumb Code     0  libinit2.o(.ARM.Collect$$libinit$$0000001F)
    __rt_lib_init_stdio_1                    0x08000203   Thumb Code     0  libinit2.o(.ARM.Collect$$libinit$$00000027)
    __rt_lib_init_user_alloc_1               0x08000203   Thumb Code     0  libinit2.o(.ARM.Collect$$libinit$$0000000E)
    __rt_lib_shutdown                        0x08000205   Thumb Code     0  libshutdown.o(.ARM.Collect$$libshutdown$$00000000)
    __rt_lib_shutdown_cpp_1                  0x08000207   Thumb Code     0  libshutdown2.o(.ARM.Collect$$libshutdown$$00000002)
    __rt_lib_shutdown_fp_trap_1              0x08000207   Thumb Code     0  libshutdown2.o(.ARM.Collect$$libshutdown$$00000007)
    __rt_lib_shutdown_heap_1                 0x08000207   Thumb Code     0  libshutdown2.o(.ARM.Collect$$libshutdown$$0000000F)
    __rt_lib_shutdown_return                 0x08000207   Thumb Code     0  libshutdown2.o(.ARM.Collect$$libshutdown$$00000010)
    __rt_lib_shutdown_signal_1               0x08000207   Thumb Code     0  libshutdown2.o(.ARM.Collect$$libshutdown$$0000000A)
    __rt_lib_shutdown_stdio_1                0x08000207   Thumb Code     0  libshutdown2.o(.ARM.Collect$$libshutdown$$00000004)
    __rt_lib_shutdown_user_alloc_1           0x08000207   Thumb Code     0  libshutdown2.o(.ARM.Collect$$libshutdown$$0000000C)
    __rt_entry                               0x08000209   Thumb Code     0  __rtentry.o(.ARM.Collect$$rtentry$$00000000)
    __rt_entry_presh_1                       0x08000209   Thumb Code     0  __rtentry2.o(.ARM.Collect$$rtentry$$00000002)
    __rt_entry_sh                            0x08000209   Thumb Code     0  __rtentry4.o(.ARM.Collect$$rtentry$$00000004)
    __rt_entry_li                            0x0800020f   Thumb Code     0  __rtentry2.o(.ARM.Collect$$rtentry$$0000000A)
    __rt_entry_postsh_1                      0x0800020f   Thumb Code     0  __rtentry2.o(.ARM.Collect$$rtentry$$00000009)
    __rt_entry_main                          0x08000213   Thumb Code     0  __rtentry2.o(.ARM.Collect$$rtentry$$0000000D)
    __rt_entry_postli_1                      0x08000213   Thumb Code     0  __rtentry2.o(.ARM.Collect$$rtentry$$0000000C)
    __rt_exit                                0x0800021b   Thumb Code     0  rtexit.o(.ARM.Collect$$rtexit$$00000000)
    __rt_exit_ls                             0x0800021d   Thumb Code     0  rtexit2.o(.ARM.Collect$$rtexit$$00000003)
    __rt_exit_prels_1                        0x0800021d   Thumb Code     0  rtexit2.o(.ARM.Collect$$rtexit$$00000002)
    __rt_exit_exit                           0x08000221   Thumb Code     0  rtexit2.o(.ARM.Collect$$rtexit$$00000004)
    Reset_Handler                            0x08000229   Thumb Code     8  startup_stm32l476xx.o(.text)
    NMI_Handler                              0x08000231   Thumb Code     2  startup_stm32l476xx.o(.text)
    HardFault_Handler                        0x08000233   Thumb Code     2  startup_stm32l476xx.o(.text)
    MemManage_Handler                        0x08000235   Thumb Code     2  startup_stm32l476xx.o(.text)
    BusFault_Handler                         0x08000237   Thumb Code     2  startup_stm32l476xx.o(.text)
    UsageFault_Handler                       0x08000239   Thumb Code     2  startup_stm32l476xx.o(.text)
    SVC_Handler                              0x0800023b   Thumb Code     2  startup_stm32l476xx.o(.text)
    DebugMon_Handler                         0x0800023d   Thumb Code     2  startup_stm32l476xx.o(.text)
    PendSV_Handler                           0x0800023f   Thumb Code     2  startup_stm32l476xx.o(.text)
    SysTick_Handler                          0x08000241   Thumb Code     2  startup_stm32l476xx.o(.text)
    ADC1_2_IRQHandler                        0x08000243   Thumb Code     0  startup_stm32l476xx.o(.text)
    ADC3_IRQHandler                          0x08000243   Thumb Code     0  startup_stm32l476xx.o(.text)
    CAN1_RX0_IRQHandler                      0x08000243   Thumb Code     0  startup_stm32l476xx.o(.text)
    CAN1_RX1_IRQHandler                      0x08000243   Thumb Code     0  startup_stm32l476xx.o(.text)
    CAN1_SCE_IRQHandler                      0x08000243   Thumb Code     0  startup_stm32l476xx.o(.text)
    CAN1_TX_IRQHandler                       0x08000243   Thumb Code     0  startup_stm32l476xx.o(.text)
    COMP_IRQHandler                          0x08000243   Thumb Code     0  startup_stm32l476xx.o(.text)
    DFSDM1_FLT0_IRQHandler                   0x08000243   Thumb Code     0  startup_stm32l476xx.o(.text)
    DFSDM1_FLT1_IRQHandler                   0x08000243   Thumb Code     0  startup_stm32l476xx.o(.text)
    DFSDM1_FLT2_IRQHandler                   0x08000243   Thumb Code     0  startup_stm32l476xx.o(.text)
    DFSDM1_FLT3_IRQHandler                   0x08000243   Thumb Code     0  startup_stm32l476xx.o(.text)
    DMA1_Channel1_IRQHandler                 0x08000243   Thumb Code     0  startup_stm32l476xx.o(.text)
    DMA1_Channel2_IRQHandler                 0x08000243   Thumb Code     0  startup_stm32l476xx.o(.text)
    DMA1_Channel3_IRQHandler                 0x08000243   Thumb Code     0  startup_stm32l476xx.o(.text)
    DMA1_Channel4_IRQHandler                 0x08000243   Thumb Code     0  startup_stm32l476xx.o(.text)
    DMA1_Channel5_IRQHandler                 0x08000243   Thumb Code     0  startup_stm32l476xx.o(.text)
    DMA1_Channel6_IRQHandler                 0x08000243   Thumb Code     0  startup_stm32l476xx.o(.text)
    DMA1_Channel7_IRQHandler                 0x08000243   Thumb Code     0  startup_stm32l476xx.o(.text)
    DMA2_Channel1_IRQHandler                 0x08000243   Thumb Code     0  startup_stm32l476xx.o(.text)
    DMA2_Channel2_IRQHandler                 0x08000243   Thumb Code     0  startup_stm32l476xx.o(.text)
    DMA2_Channel3_IRQHandler                 0x08000243   Thumb Code     0  startup_stm32l476xx.o(.text)
    DMA2_Channel4_IRQHandler                 0x08000243   Thumb Code     0  startup_stm32l476xx.o(.text)
    DMA2_Channel5_IRQHandler                 0x08000243   Thumb Code     0  startup_stm32l476xx.o(.text)
    DMA2_Channel6_IRQHandler                 0x08000243   Thumb Code     0  startup_stm32l476xx.o(.text)
    DMA2_Channel7_IRQHandler                 0x08000243   Thumb Code     0  startup_stm32l476xx.o(.text)
    EXTI0_IRQHandler                         0x08000243   Thumb Code     0  startup_stm32l476xx.o(.text)
    EXTI15_10_IRQHandler                     0x08000243   Thumb Code     0  startup_stm32l476xx.o(.text)
    EXTI1_IRQHandler                         0x08000243   Thumb Code     0  startup_stm32l476xx.o(.text)
    EXTI2_IRQHandler                         0x08000243   Thumb Code     0  startup_stm32l476xx.o(.text)
    EXTI3_IRQHandler                         0x08000243   Thumb Code     0  startup_stm32l476xx.o(.text)
    EXTI4_IRQHandler                         0x08000243   Thumb Code     0  startup_stm32l476xx.o(.text)
    EXTI9_5_IRQHandler                       0x08000243   Thumb Code     0  startup_stm32l476xx.o(.text)
    FLASH_IRQHandler                         0x08000243   Thumb Code     0  startup_stm32l476xx.o(.text)
    FMC_IRQHandler                           0x08000243   Thumb Code     0  startup_stm32l476xx.o(.text)
    FPU_IRQHandler                           0x08000243   Thumb Code     0  startup_stm32l476xx.o(.text)
    I2C1_ER_IRQHandler                       0x08000243   Thumb Code     0  startup_stm32l476xx.o(.text)
    I2C1_EV_IRQHandler                       0x08000243   Thumb Code     0  startup_stm32l476xx.o(.text)
    I2C2_ER_IRQHandler                       0x08000243   Thumb Code     0  startup_stm32l476xx.o(.text)
    I2C2_EV_IRQHandler                       0x08000243   Thumb Code     0  startup_stm32l476xx.o(.text)
    I2C3_ER_IRQHandler                       0x08000243   Thumb Code     0  startup_stm32l476xx.o(.text)
    I2C3_EV_IRQHandler                       0x08000243   Thumb Code     0  startup_stm32l476xx.o(.text)
    LCD_IRQHandler                           0x08000243   Thumb Code     0  startup_stm32l476xx.o(.text)
    LPTIM1_IRQHandler                        0x08000243   Thumb Code     0  startup_stm32l476xx.o(.text)
    LPTIM2_IRQHandler                        0x08000243   Thumb Code     0  startup_stm32l476xx.o(.text)
    LPUART1_IRQHandler                       0x08000243   Thumb Code     0  startup_stm32l476xx.o(.text)
    OTG_FS_IRQHandler                        0x08000243   Thumb Code     0  startup_stm32l476xx.o(.text)
    PVD_PVM_IRQHandler                       0x08000243   Thumb Code     0  startup_stm32l476xx.o(.text)
    QUADSPI_IRQHandler                       0x08000243   Thumb Code     0  startup_stm32l476xx.o(.text)
    RCC_IRQHandler                           0x08000243   Thumb Code     0  startup_stm32l476xx.o(.text)
    RNG_IRQHandler                           0x08000243   Thumb Code     0  startup_stm32l476xx.o(.text)
    RTC_Alarm_IRQHandler                     0x08000243   Thumb Code     0  startup_stm32l476xx.o(.text)
    RTC_WKUP_IRQHandler                      0x08000243   Thumb Code     0  startup_stm32l476xx.o(.text)
    SAI1_IRQHandler                          0x08000243   Thumb Code     0  startup_stm32l476xx.o(.text)
    SAI2_IRQHandler                          0x08000243   Thumb Code     0  startup_stm32l476xx.o(.text)
    SDMMC1_IRQHandler                        0x08000243   Thumb Code     0  startup_stm32l476xx.o(.text)
    SPI1_IRQHandler                          0x08000243   Thumb Code     0  startup_stm32l476xx.o(.text)
    SPI2_IRQHandler                          0x08000243   Thumb Code     0  startup_stm32l476xx.o(.text)
    SPI3_IRQHandler                          0x08000243   Thumb Code     0  startup_stm32l476xx.o(.text)
    SWPMI1_IRQHandler                        0x08000243   Thumb Code     0  startup_stm32l476xx.o(.text)
    TAMP_STAMP_IRQHandler                    0x08000243   Thumb Code     0  startup_stm32l476xx.o(.text)
    TIM1_BRK_TIM15_IRQHandler                0x08000243   Thumb Code     0  startup_stm32l476xx.o(.text)
    TIM1_CC_IRQHandler                       0x08000243   Thumb Code     0  startup_stm32l476xx.o(.text)
    TIM1_TRG_COM_TIM17_IRQHandler            0x08000243   Thumb Code     0  startup_stm32l476xx.o(.text)
    TIM1_UP_TIM16_IRQHandler                 0x08000243   Thumb Code     0  startup_stm32l476xx.o(.text)
    TIM3_IRQHandler                          0x08000243   Thumb Code     0  startup_stm32l476xx.o(.text)
    TIM4_IRQHandler                          0x08000243   Thumb Code     0  startup_stm32l476xx.o(.text)
    TIM5_IRQHandler                          0x08000243   Thumb Code     0  startup_stm32l476xx.o(.text)
    TIM6_DAC_IRQHandler                      0x08000243   Thumb Code     0  startup_stm32l476xx.o(.text)
    TIM7_IRQHandler                          0x08000243   Thumb Code     0  startup_stm32l476xx.o(.text)
    TIM8_BRK_IRQHandler                      0x08000243   Thumb Code     0  startup_stm32l476xx.o(.text)
    TIM8_CC_IRQHandler                       0x08000243   Thumb Code     0  startup_stm32l476xx.o(.text)
    TIM8_TRG_COM_IRQHandler                  0x08000243   Thumb Code     0  startup_stm32l476xx.o(.text)
    TIM8_UP_IRQHandler                       0x08000243   Thumb Code     0  startup_stm32l476xx.o(.text)
    TSC_IRQHandler                           0x08000243   Thumb Code     0  startup_stm32l476xx.o(.text)
    UART4_IRQHandler                         0x08000243   Thumb Code     0  startup_stm32l476xx.o(.text)
    UART5_IRQHandler                         0x08000243   Thumb Code     0  startup_stm32l476xx.o(.text)
    USART1_IRQHandler                        0x08000243   Thumb Code     0  startup_stm32l476xx.o(.text)
    USART2_IRQHandler                        0x08000243   Thumb Code     0  startup_stm32l476xx.o(.text)
    USART3_IRQHandler                        0x08000243   Thumb Code     0  startup_stm32l476xx.o(.text)
    WWDG_IRQHandler                          0x08000243   Thumb Code     0  startup_stm32l476xx.o(.text)
    __user_initial_stackheap                 0x08000245   Thumb Code     0  startup_stm32l476xx.o(.text)
    __use_two_region_memory                  0x08000269   Thumb Code     2  heapauxi.o(.text)
    __rt_heap_escrow$2region                 0x0800026b   Thumb Code     2  heapauxi.o(.text)
    __rt_heap_expand$2region                 0x0800026d   Thumb Code     2  heapauxi.o(.text)
    __user_setup_stackheap                   0x0800026f   Thumb Code    74  sys_stackheap_outer.o(.text)
    exit                                     0x080002b9   Thumb Code    18  exit.o(.text)
    __user_libspace                          0x080002cd   Thumb Code     8  libspace.o(.text)
    __user_perproc_libspace                  0x080002cd   Thumb Code     0  libspace.o(.text)
    __user_perthread_libspace                0x080002cd   Thumb Code     0  libspace.o(.text)
    _sys_exit                                0x080002d5   Thumb Code     8  sys_exit.o(.text)
    __I$use$semihosting                      0x080002e1   Thumb Code     0  use_no_semi.o(.text)
    __use_no_semihosting_swi                 0x080002e1   Thumb Code     2  use_no_semi.o(.text)
    __semihosting_library_function           0x080002e3   Thumb Code     0  indicate_semi.o(.text)
    GPIO_Init                                0x080002e5   Thumb Code   104  lcd.o(.text.GPIO_Init)
    LCD_Clear                                0x0800034d   Thumb Code    56  lcd.o(.text.LCD_Clear)
    LCD_Enable                               0x08000385   Thumb Code    70  lcd.o(.text.LCD_Enable)
    LCD_Init                                 0x080003cd   Thumb Code   170  lcd.o(.text.LCD_Init)
    LCD_SetAddress                           0x08000479   Thumb Code   104  lcd.o(.text.LCD_SetAddress)
    LCD_SetControlBits                       0x080004e1   Thumb Code    66  lcd.o(.text.LCD_SetControlBits)
    LCD_WriteChar                            0x08000525   Thumb Code    94  lcd.o(.text.LCD_WriteChar)
    LCD_WriteStr                             0x08000585   Thumb Code    48  lcd.o(.text.LCD_WriteStr)
    SystemInit                               0x080005b5   Thumb Code    92  system_stm32l4xx.o(.text.SystemInit)
    TIM2_IRQHandler                          0x08000611   Thumb Code   794  merge.o(.text.TIM2_IRQHandler)
    TIM2_Init                                0x0800092d   Thumb Code   138  merge.o(.text.TIM2_Init)
    TIM3_Init                                0x080009b9   Thumb Code   296  merge.o(.text.TIM3_Init)
    main                                     0x08000ae1   Thumb Code   106  merge.o(.text.main)
    playBuzzer                               0x08000b51   Thumb Code   152  merge.o(.text.playBuzzer)
    playTune                                 0x08000be9   Thumb Code    80  merge.o(.text.playTune)
    print_mode                               0x08000c39   Thumb Code    54  lcd.o(.text.print_mode)
    print_time                               0x08000c71   Thumb Code   172  lcd.o(.text.print_time)
    setMode                                  0x08000d1d   Thumb Code   328  lcd.o(.text.setMode)
    __fpl_dcmp_Inf                           0x08000e65   Thumb Code    24  dcmpi.o(x$fpl$dcmpinf)
    __aeabi_ddiv                             0x08000e7d   Thumb Code     0  ddiv.o(x$fpl$ddiv)
    _ddiv                                    0x08000e7d   Thumb Code   556  ddiv.o(x$fpl$ddiv)
    __aeabi_cdcmpeq                          0x08001131   Thumb Code     0  deqf.o(x$fpl$deqf)
    _dcmpeq                                  0x08001131   Thumb Code   120  deqf.o(x$fpl$deqf)
    __aeabi_d2uiz                            0x080011a9   Thumb Code     0  dfixu.o(x$fpl$dfixu)
    _dfixu                                   0x080011a9   Thumb Code    90  dfixu.o(x$fpl$dfixu)
    __aeabi_i2d                              0x08001203   Thumb Code     0  dflt_clz.o(x$fpl$dflt)
    _dflt                                    0x08001203   Thumb Code    46  dflt_clz.o(x$fpl$dflt)
    __aeabi_ui2d                             0x08001231   Thumb Code     0  dflt_clz.o(x$fpl$dfltu)
    _dfltu                                   0x08001231   Thumb Code    38  dflt_clz.o(x$fpl$dfltu)
    __aeabi_cdcmpge                          0x08001259   Thumb Code     0  dgeqf.o(x$fpl$dgeqf)
    _dcmpge                                  0x08001259   Thumb Code   120  dgeqf.o(x$fpl$dgeqf)
    __aeabi_cdcmple                          0x080012d1   Thumb Code     0  dleqf.o(x$fpl$dleqf)
    _dcmple                                  0x080012d1   Thumb Code   120  dleqf.o(x$fpl$dleqf)
    __fpl_dcmple_InfNaN                      0x08001333   Thumb Code     0  dleqf.o(x$fpl$dleqf)
    __fpl_dnaninf                            0x08001349   Thumb Code   156  dnaninf.o(x$fpl$dnaninf)
    __fpl_dretinf                            0x080013e5   Thumb Code    12  dretinf.o(x$fpl$dretinf)
    __aeabi_dcmpeq                           0x080013f1   Thumb Code     0  dcmp.o(x$fpl$fcmp)
    _deq                                     0x080013f1   Thumb Code    14  dcmp.o(x$fpl$fcmp)
    _dneq                                    0x080013ff   Thumb Code    14  dcmp.o(x$fpl$fcmp)
    __aeabi_dcmpgt                           0x0800140d   Thumb Code     0  dcmp.o(x$fpl$fcmp)
    _dgr                                     0x0800140d   Thumb Code    14  dcmp.o(x$fpl$fcmp)
    __aeabi_dcmpge                           0x0800141b   Thumb Code     0  dcmp.o(x$fpl$fcmp)
    _dgeq                                    0x0800141b   Thumb Code    14  dcmp.o(x$fpl$fcmp)
    __aeabi_dcmple                           0x08001429   Thumb Code     0  dcmp.o(x$fpl$fcmp)
    _dleq                                    0x08001429   Thumb Code    14  dcmp.o(x$fpl$fcmp)
    __aeabi_dcmplt                           0x08001437   Thumb Code     0  dcmp.o(x$fpl$fcmp)
    _dls                                     0x08001437   Thumb Code    14  dcmp.o(x$fpl$fcmp)
    _fp_init                                 0x08001445   Thumb Code    26  fpinit.o(x$fpl$fpinit)
    __fplib_config_fpu_vfp                   0x0800145d   Thumb Code     0  fpinit.o(x$fpl$fpinit)
    __fplib_config_pureend_doubles           0x0800145d   Thumb Code     0  fpinit.o(x$fpl$fpinit)
    __I$use$fp                               0x0800145e   Number         0  usenofp.o(x$fpl$usenofp)
    Region$$Table$$Base                      0x08001488   Number         0  anon$$obj.o(Region$$Table)
    Region$$Table$$Limit                     0x080014a8   Number         0  anon$$obj.o(Region$$Table)
    GPIOA_MODER                              0x20000000   Data           4  lcd.o(.data.GPIOA_MODER)
    GPIOA_ODR                                0x20000004   Data           4  lcd.o(.data.GPIOA_ODR)
    GPIOC_IDR                                0x20000008   Data           4  lcd.o(.data.GPIOC_IDR)
    GPIOC_MODER                              0x2000000c   Data           4  lcd.o(.data.GPIOC_MODER)
    GPIOC_ODR                                0x20000010   Data           4  lcd.o(.data.GPIOC_ODR)
    GPIOC_PUPDR                              0x20000014   Data           4  lcd.o(.data.GPIOC_PUPDR)
    RCC_AHB2ENR                              0x20000018   Data           4  lcd.o(.data.RCC_AHB2ENR)
    __libspace_start                         0x20000030   Data          96  libspace.o(.bss)
    __temporary_stack_top$libspace           0x20000090   Data           0  libspace.o(.bss)



==============================================================================

Memory Map of the image

  Image Entry point : 0x08000229

  Load Region LR_1 (Base: 0x08000000, Size: 0x000014d4, Max: 0xffffffff, ABSOLUTE)

    Execution Region ER_RO (Exec base: 0x08000000, Load base: 0x08000000, Size: 0x000014a8, Max: 0xffffffff, ABSOLUTE)

    Exec Addr    Load Addr    Size         Type   Attr      Idx    E Section Name        Object

    0x08000000   0x08000000   0x00000188   Data   RO           78    RESET               startup_stm32l476xx.o
    0x08000188   0x08000188   0x00000008   Code   RO          104  * !!!main             c_w.l(__main.o)
    0x08000190   0x08000190   0x00000034   Code   RO          298    !!!scatter          c_w.l(__scatter.o)
    0x080001c4   0x080001c4   0x0000001a   Code   RO          300    !!handler_copy      c_w.l(__scatter_copy.o)
    0x080001de   0x080001de   0x00000002   PAD
    0x080001e0   0x080001e0   0x0000001c   Code   RO          302    !!handler_zi        c_w.l(__scatter_zi.o)
    0x080001fc   0x080001fc   0x00000002   Code   RO          160    .ARM.Collect$$libinit$$00000000  c_w.l(libinit.o)
    0x080001fe   0x080001fe   0x00000004   Code   RO          166    .ARM.Collect$$libinit$$00000001  c_w.l(libinit2.o)
    0x08000202   0x08000202   0x00000000   Code   RO          169    .ARM.Collect$$libinit$$00000004  c_w.l(libinit2.o)
    0x08000202   0x08000202   0x00000000   Code   RO          171    .ARM.Collect$$libinit$$00000006  c_w.l(libinit2.o)
    0x08000202   0x08000202   0x00000000   Code   RO          174    .ARM.Collect$$libinit$$0000000C  c_w.l(libinit2.o)
    0x08000202   0x08000202   0x00000000   Code   RO          176    .ARM.Collect$$libinit$$0000000E  c_w.l(libinit2.o)
    0x08000202   0x08000202   0x00000000   Code   RO          178    .ARM.Collect$$libinit$$00000010  c_w.l(libinit2.o)
    0x08000202   0x08000202   0x00000000   Code   RO          181    .ARM.Collect$$libinit$$00000013  c_w.l(libinit2.o)
    0x08000202   0x08000202   0x00000000   Code   RO          183    .ARM.Collect$$libinit$$00000015  c_w.l(libinit2.o)
    0x08000202   0x08000202   0x00000000   Code   RO          185    .ARM.Collect$$libinit$$00000017  c_w.l(libinit2.o)
    0x08000202   0x08000202   0x00000000   Code   RO          187    .ARM.Collect$$libinit$$00000019  c_w.l(libinit2.o)
    0x08000202   0x08000202   0x00000000   Code   RO          189    .ARM.Collect$$libinit$$0000001B  c_w.l(libinit2.o)
    0x08000202   0x08000202   0x00000000   Code   RO          191    .ARM.Collect$$libinit$$0000001D  c_w.l(libinit2.o)
    0x08000202   0x08000202   0x00000000   Code   RO          193    .ARM.Collect$$libinit$$0000001F  c_w.l(libinit2.o)
    0x08000202   0x08000202   0x00000000   Code   RO          195    .ARM.Collect$$libinit$$00000021  c_w.l(libinit2.o)
    0x08000202   0x08000202   0x00000000   Code   RO          197    .ARM.Collect$$libinit$$00000023  c_w.l(libinit2.o)
    0x08000202   0x08000202   0x00000000   Code   RO          199    .ARM.Collect$$libinit$$00000025  c_w.l(libinit2.o)
    0x08000202   0x08000202   0x00000000   Code   RO          201    .ARM.Collect$$libinit$$00000027  c_w.l(libinit2.o)
    0x08000202   0x08000202   0x00000000   Code   RO          205    .ARM.Collect$$libinit$$0000002E  c_w.l(libinit2.o)
    0x08000202   0x08000202   0x00000000   Code   RO          207    .ARM.Collect$$libinit$$00000030  c_w.l(libinit2.o)
    0x08000202   0x08000202   0x00000000   Code   RO          209    .ARM.Collect$$libinit$$00000032  c_w.l(libinit2.o)
    0x08000202   0x08000202   0x00000000   Code   RO          211    .ARM.Collect$$libinit$$00000034  c_w.l(libinit2.o)
    0x08000202   0x08000202   0x00000002   Code   RO          212    .ARM.Collect$$libinit$$00000035  c_w.l(libinit2.o)
    0x08000204   0x08000204   0x00000002   Code   RO          234    .ARM.Collect$$libshutdown$$00000000  c_w.l(libshutdown.o)
    0x08000206   0x08000206   0x00000000   Code   RO          249    .ARM.Collect$$libshutdown$$00000002  c_w.l(libshutdown2.o)
    0x08000206   0x08000206   0x00000000   Code   RO          251    .ARM.Collect$$libshutdown$$00000004  c_w.l(libshutdown2.o)
    0x08000206   0x08000206   0x00000000   Code   RO          254    .ARM.Collect$$libshutdown$$00000007  c_w.l(libshutdown2.o)
    0x08000206   0x08000206   0x00000000   Code   RO          257    .ARM.Collect$$libshutdown$$0000000A  c_w.l(libshutdown2.o)
    0x08000206   0x08000206   0x00000000   Code   RO          259    .ARM.Collect$$libshutdown$$0000000C  c_w.l(libshutdown2.o)
    0x08000206   0x08000206   0x00000000   Code   RO          262    .ARM.Collect$$libshutdown$$0000000F  c_w.l(libshutdown2.o)
    0x08000206   0x08000206   0x00000002   Code   RO          263    .ARM.Collect$$libshutdown$$00000010  c_w.l(libshutdown2.o)
    0x08000208   0x08000208   0x00000000   Code   RO          122    .ARM.Collect$$rtentry$$00000000  c_w.l(__rtentry.o)
    0x08000208   0x08000208   0x00000000   Code   RO          135    .ARM.Collect$$rtentry$$00000002  c_w.l(__rtentry2.o)
    0x08000208   0x08000208   0x00000006   Code   RO          147    .ARM.Collect$$rtentry$$00000004  c_w.l(__rtentry4.o)
    0x0800020e   0x0800020e   0x00000000   Code   RO          137    .ARM.Collect$$rtentry$$00000009  c_w.l(__rtentry2.o)
    0x0800020e   0x0800020e   0x00000004   Code   RO          138    .ARM.Collect$$rtentry$$0000000A  c_w.l(__rtentry2.o)
    0x08000212   0x08000212   0x00000000   Code   RO          140    .ARM.Collect$$rtentry$$0000000C  c_w.l(__rtentry2.o)
    0x08000212   0x08000212   0x00000008   Code   RO          141    .ARM.Collect$$rtentry$$0000000D  c_w.l(__rtentry2.o)
    0x0800021a   0x0800021a   0x00000002   Code   RO          164    .ARM.Collect$$rtexit$$00000000  c_w.l(rtexit.o)
    0x0800021c   0x0800021c   0x00000000   Code   RO          214    .ARM.Collect$$rtexit$$00000002  c_w.l(rtexit2.o)
    0x0800021c   0x0800021c   0x00000004   Code   RO          215    .ARM.Collect$$rtexit$$00000003  c_w.l(rtexit2.o)
    0x08000220   0x08000220   0x00000006   Code   RO          216    .ARM.Collect$$rtexit$$00000004  c_w.l(rtexit2.o)
    0x08000226   0x08000226   0x00000002   PAD
    0x08000228   0x08000228   0x00000040   Code   RO           79  * .text               startup_stm32l476xx.o
    0x08000268   0x08000268   0x00000006   Code   RO          102    .text               c_w.l(heapauxi.o)
    0x0800026e   0x0800026e   0x0000004a   Code   RO          151    .text               c_w.l(sys_stackheap_outer.o)
    0x080002b8   0x080002b8   0x00000012   Code   RO          153    .text               c_w.l(exit.o)
    0x080002ca   0x080002ca   0x00000002   PAD
    0x080002cc   0x080002cc   0x00000008   Code   RO          161    .text               c_w.l(libspace.o)
    0x080002d4   0x080002d4   0x0000000c   Code   RO          224    .text               c_w.l(sys_exit.o)
    0x080002e0   0x080002e0   0x00000002   Code   RO          239    .text               c_w.l(use_no_semi.o)
    0x080002e2   0x080002e2   0x00000000   Code   RO          241    .text               c_w.l(indicate_semi.o)
    0x080002e2   0x080002e2   0x00000002   PAD
    0x080002e4   0x080002e4   0x00000068   Code   RO            2    .text.GPIO_Init     lcd.o
    0x0800034c   0x0800034c   0x00000038   Code   RO           12    .text.LCD_Clear     lcd.o
    0x08000384   0x08000384   0x00000046   Code   RO            8    .text.LCD_Enable    lcd.o
    0x080003ca   0x080003ca   0x00000002   PAD
    0x080003cc   0x080003cc   0x000000aa   Code   RO            4    .text.LCD_Init      lcd.o
    0x08000476   0x08000476   0x00000002   PAD
    0x08000478   0x08000478   0x00000068   Code   RO           20    .text.LCD_SetAddress  lcd.o
    0x080004e0   0x080004e0   0x00000042   Code   RO            6    .text.LCD_SetControlBits  lcd.o
    0x08000522   0x08000522   0x00000002   PAD
    0x08000524   0x08000524   0x0000005e   Code   RO           16    .text.LCD_WriteChar  lcd.o
    0x08000582   0x08000582   0x00000002   PAD
    0x08000584   0x08000584   0x00000030   Code   RO           18    .text.LCD_WriteStr  lcd.o
    0x080005b4   0x080005b4   0x0000005c   Code   RO           86    .text.SystemInit    system_stm32l4xx.o
    0x08000610   0x08000610   0x0000031a   Code   RO           52    .text.TIM2_IRQHandler  merge.o
    0x0800092a   0x0800092a   0x00000002   PAD
    0x0800092c   0x0800092c   0x0000008a   Code   RO           50    .text.TIM2_Init     merge.o
    0x080009b6   0x080009b6   0x00000002   PAD
    0x080009b8   0x080009b8   0x00000128   Code   RO           46    .text.TIM3_Init     merge.o
    0x08000ae0   0x08000ae0   0x0000006a   Code   RO           44    .text.main          merge.o
    0x08000b4a   0x08000b4a   0x00000006   PAD
    0x08000b50   0x08000b50   0x00000098   Code   RO           56    .text.playBuzzer    merge.o
    0x08000be8   0x08000be8   0x00000050   Code   RO           48    .text.playTune      merge.o
    0x08000c38   0x08000c38   0x00000036   Code   RO           24    .text.print_mode    lcd.o
    0x08000c6e   0x08000c6e   0x00000002   PAD
    0x08000c70   0x08000c70   0x000000ac   Code   RO           22    .text.print_time    lcd.o
    0x08000d1c   0x08000d1c   0x00000148   Code   RO           26    .text.setMode       lcd.o
    0x08000e64   0x08000e64   0x00000018   Code   RO          149    x$fpl$dcmpinf       fz_wm.l(dcmpi.o)
    0x08000e7c   0x08000e7c   0x000002b4   Code   RO          109    x$fpl$ddiv          fz_wm.l(ddiv.o)
    0x08001130   0x08001130   0x00000078   Code   RO          123    x$fpl$deqf          fz_wm.l(deqf.o)
    0x080011a8   0x080011a8   0x0000005a   Code   RO          112    x$fpl$dfixu         fz_wm.l(dfixu.o)
    0x08001202   0x08001202   0x0000002e   Code   RO          117    x$fpl$dflt          fz_wm.l(dflt_clz.o)
    0x08001230   0x08001230   0x00000026   Code   RO          116    x$fpl$dfltu         fz_wm.l(dflt_clz.o)
    0x08001256   0x08001256   0x00000002   PAD
    0x08001258   0x08001258   0x00000078   Code   RO          125    x$fpl$dgeqf         fz_wm.l(dgeqf.o)
    0x080012d0   0x080012d0   0x00000078   Code   RO          127    x$fpl$dleqf         fz_wm.l(dleqf.o)
    0x08001348   0x08001348   0x0000009c   Code   RO          129    x$fpl$dnaninf       fz_wm.l(dnaninf.o)
    0x080013e4   0x080013e4   0x0000000c   Code   RO          131    x$fpl$dretinf       fz_wm.l(dretinf.o)
    0x080013f0   0x080013f0   0x00000054   Code   RO          106    x$fpl$fcmp          fz_wm.l(dcmp.o)
    0x08001444   0x08001444   0x0000001a   Code   RO          222    x$fpl$fpinit        fz_wm.l(fpinit.o)
    0x0800145e   0x0800145e   0x00000000   Code   RO          133    x$fpl$usenofp       fz_wm.l(usenofp.o)
    0x0800145e   0x0800145e   0x0000002a   Data   RO           35    .rodata.str1.1      lcd.o
    0x08001488   0x08001488   0x00000020   Data   RO          297    Region$$Table       anon$$obj.o


    Execution Region ER_RW (Exec base: 0x20000000, Load base: 0x080014a8, Size: 0x0000002c, Max: 0xffffffff, ABSOLUTE)

    Exec Addr    Load Addr    Size         Type   Attr      Idx    E Section Name        Object

    0x20000000   0x080014a8   0x00000004   Data   RW           28    .data.GPIOA_MODER   lcd.o
    0x20000004   0x080014ac   0x00000004   Data   RW           32    .data.GPIOA_ODR     lcd.o
    0x20000008   0x080014b0   0x00000004   Data   RW           31    .data.GPIOC_IDR     lcd.o
    0x2000000c   0x080014b4   0x00000004   Data   RW           29    .data.GPIOC_MODER   lcd.o
    0x20000010   0x080014b8   0x00000004   Data   RW           33    .data.GPIOC_ODR     lcd.o
    0x20000014   0x080014bc   0x00000004   Data   RW           30    .data.GPIOC_PUPDR   lcd.o
    0x20000018   0x080014c0   0x00000004   Data   RW           34    .data.RCC_AHB2ENR   lcd.o
    0x2000001c   0x080014c4   0x00000004   Data   RW           60    .data.mode          merge.o
    0x20000020   0x080014c8   0x0000000c   Data   RW           36    .data.setMode.addrOpp  lcd.o


    Execution Region ER_ZI (Exec base: 0x20000030, Load base: 0x080014d4, Size: 0x00000680, Max: 0xffffffff, ABSOLUTE)

    Exec Addr    Load Addr    Size         Type   Attr      Idx    E Section Name        Object

    0x20000030        -       0x00000060   Zero   RW          162    .bss                c_w.l(libspace.o)
    0x20000090        -       0x00000004   Zero   RW           66    .bss.TIM2_IRQHandler.brk  merge.o
    0x20000094        -       0x00000004   Zero   RW           64    .bss.TIM2_IRQHandler.cycle  merge.o
    0x20000098        -       0x00000004   Zero   RW           65    .bss.TIM2_IRQHandler.done  merge.o
    0x2000009c        -       0x00000004   Zero   RW           63    .bss.TIM2_IRQHandler.min  merge.o
    0x200000a0        -       0x00000004   Zero   RW           62    .bss.TIM2_IRQHandler.sec  merge.o
    0x200000a4        -       0x00000004   Zero   RW           61    .bss.TIM2_IRQHandler.tsec  merge.o
    0x200000a8        -       0x00000004   Zero   RW           68    .bss.paused         merge.o
    0x200000ac        -       0x00000004   Zero   RW           67    .bss.start          merge.o
    0x200000b0        -       0x00000200   Zero   RW           77    HEAP                startup_stm32l476xx.o
    0x200002b0        -       0x00000400   Zero   RW           76    STACK               startup_stm32l476xx.o


==============================================================================

Image component sizes


      Code (inc. data)   RO Data    RW Data    ZI Data      Debug   Object Name

      1266          0         42         40          0       3411   lcd.o
      1566         16          0          4         32       2932   merge.o
        64         26        392          0       1536        900   startup_stm32l476xx.o
        92          0          0          0          0       2996   system_stm32l4xx.o

    ----------------------------------------------------------------------
      3008         42        466         44       1568      10239   Object Totals
         0          0         32          0          0          0   (incl. Generated)
        20          0          0          0          0          0   (incl. Padding)

    ----------------------------------------------------------------------

      Code (inc. data)   RO Data    RW Data    ZI Data      Debug   Library Member Name

         8          0          0          0          0         68   __main.o
         0          0          0          0          0          0   __rtentry.o
        12          0          0          0          0          0   __rtentry2.o
         6          0          0          0          0          0   __rtentry4.o
        52          8          0          0          0          0   __scatter.o
        26          0          0          0          0          0   __scatter_copy.o
        28          0          0          0          0          0   __scatter_zi.o
        18          0          0          0          0         80   exit.o
         6          0          0          0          0        152   heapauxi.o
         0          0          0          0          0          0   indicate_semi.o
         2          0          0          0          0          0   libinit.o
         6          0          0          0          0          0   libinit2.o
         2          0          0          0          0          0   libshutdown.o
         2          0          0          0          0          0   libshutdown2.o
         8          4          0          0         96         68   libspace.o
         2          0          0          0          0          0   rtexit.o
        10          0          0          0          0          0   rtexit2.o
        12          4          0          0          0         68   sys_exit.o
        74          0          0          0          0         80   sys_stackheap_outer.o
         2          0          0          0          0         68   use_no_semi.o
        84          0          0          0          0        244   dcmp.o
        24          0          0          0          0        116   dcmpi.o
       692        140          0          0          0        264   ddiv.o
       120          4          0          0          0        140   deqf.o
        90          4          0          0          0        140   dfixu.o
        84          0          0          0          0        232   dflt_clz.o
       120          4          0          0          0        140   dgeqf.o
       120          4          0          0          0        140   dleqf.o
       156          4          0          0          0        140   dnaninf.o
        12          0          0          0          0        116   dretinf.o
        26          0          0          0          0        116   fpinit.o
         0          0          0          0          0          0   usenofp.o

    ----------------------------------------------------------------------
      1814        176          0          0         96       2372   Library Totals
        10          0          0          0          0          0   (incl. Padding)

    ----------------------------------------------------------------------

      Code (inc. data)   RO Data    RW Data    ZI Data      Debug   Library Name

       276         16          0          0         96        584   c_w.l
      1528        160          0          0          0       1788   fz_wm.l

    ----------------------------------------------------------------------
      1814        176          0          0         96       2372   Library Totals

    ----------------------------------------------------------------------

==============================================================================


      Code (inc. data)   RO Data    RW Data    ZI Data      Debug   

      4822        218        466         44       1664      11315   Grand Totals
      4822        218        466         44       1664      11315   ELF Image Totals
      4822        218        466         44          0          0   ROM Totals

==============================================================================

    Total RO  Size (Code + RO Data)                 5288 (   5.16kB)
    Total RW  Size (RW Data + ZI Data)              1708 (   1.67kB)
    Total ROM Size (Code + RO Data + RW Data)       5332 (   5.21kB)

==============================================================================

